04-04 06:22:40.830   673  1132 W OptProp : Cannot read opt property android.window.PROPERTY_COMPAT_ALLOW_RESIZEABLE_ACTIVITY_OVERRIDES
04-04 06:22:40.831  1495  1818 D EGL_emulation: app_time_stats: avg=881.38ms min=170.07ms max=1592.69ms count=2
04-04 06:22:40.831   673  1132 W OptProp : Cannot read opt property android.window.PROPERTY_COMPAT_ALLOW_MIN_ASPECT_RATIO_OVERRIDE
04-04 06:22:40.844   432   432 E SurfaceFlinger: Out of order buffers detected for RequestedLayerState{com.android.launcher3/com.android.launcher3.uioverrides.QuickstepLauncher#179 parentId=109} producedId=15 frameNumber=23 -> producedId=15 frameNumber=5
04-04 06:22:40.845   432   432 D SurfaceFlinger: TransactionTraceWriter: file=/data/misc/wmtrace/out_of_order_buffers_transactions_trace.winscope already exists
04-04 06:22:40.881   673  1132 V SplashScreenExceptionList: SplashScreen checking exception for package com.laurin.tarot (target sdk:34) -> false
04-04 06:22:40.899   673  1132 I ActivityTaskManager: START u0 {act=android.intent.action.MAIN cat=[android.intent.category.LAUNCHER] flg=0x10200000 cmp=com.laurin.tarot/.MainActivity bnds=[216,932][432,1247]} with LAUNCH_SINGLE_TASK from uid 10120 (BAL_ALLOW_VISIBLE_WINDOW) result code=0 
04-04 06:22:40.900  1495  1495 D StatsLog: LAUNCHER_APP_LAUNCH_TAP
04-04 06:22:40.918  1074  1135 V WindowManagerShell: Transition requested (#29): android.os.BinderProxy@965bd4e TransitionRequestInfo { type = OPEN, triggerTask = TaskInfo{userId=0 taskId=27 displayId=0 isRunning=true baseIntent=Intent { act=android.intent.action.MAIN cat=[android.intent.category.LAUNCHER] flg=0x10200000 cmp=com.laurin.tarot/.MainActivity } baseActivity=ComponentInfo{com.laurin.tarot/com.laurin.tarot.MainActivity} topActivity=ComponentInfo{com.laurin.tarot/com.laurin.tarot.MainActivity} origActivity=null realActivity=ComponentInfo{com.laurin.tarot/com.laurin.tarot.MainActivity} numActivities=1 lastActiveTime=821896 supportsMultiWindow=true resizeMode=1 isResizeable=true minWidth=-1 minHeight=-1 defaultMinSize=220 token=WCT{android.window.IWindowContainerToken$Stub$Proxy@8538e6f} topActivityType=1 pictureInPictureParams=null shouldDockBigOverlays=false launchIntoPipHostTaskId=-1 lastParentTaskIdBeforePip=-1 displayCutoutSafeInsets=Rect(0, 136 - 0, 0) topActivityInfo=ActivityInfo{9d3a77c com.laurin.tarot.MainActivity} launchCookies=[android.os.BinderProxy@20e4805] positionInParent=Point(0, 0) parentTaskId=-1 isFocused=false isVisible=false isVisibleRequested=false isSleeping=false locusId=null displayAreaFeatureId=1 isTopActivityTransparent=false appCompatTaskInfo=AppCompatTaskInfo { topActivityInSizeCompat=false topActivityEligibleForLetterboxEducation= falseisLetterboxEducationEnabled= false isLetterboxDoubleTapEnabled= false topActivityEligibleForUserAspectRatioButton= false topActivityBoundsLetterboxed= false isFromLetterboxDoubleTap= false topActivityLetterboxVerticalPosition= -1 topActivityLetterboxHorizontalPosition= -1 topActivityLetterboxWidth=1080 topActivityLetterboxHeight=2340 isUserFullscreenOverrideEnabled=false isSystemFullscreenOverrideEnabled=false cameraCompatTaskInfo=CameraCompatTaskInfo { cameraCompatControlState=hidden freeformCameraCompatMode=inactive}}}, pipTask = null, remoteTransition = RemoteTransition { remoteTransition = android.window.IRemoteTransition$Stub$Proxy@2e4605a, appThread = android.app.IApplicationThread$Stub$Proxy@34a28b, debugName = QuickstepLaunch }, displayChange = null, flags = 0, debugId = 29 }
04-04 06:22:40.918  1495  1495 W SplitSelectStateCtor: Missing session instanceIds
04-04 06:22:40.919  1495  1495 D StatsLog: LAUNCHER_SPLIT_SELECTION_EXIT_INTERRUPTED
04-04 06:22:40.919  1074  1135 V WindowManagerShell: RemoteTransition directly requested for (#29) android.os.BinderProxy@965bd4e: RemoteTransition { remoteTransition = android.window.IRemoteTransition$Stub$Proxy@2e4605a, appThread = android.app.IApplicationThread$Stub$Proxy@34a28b, debugName = QuickstepLaunch }
04-04 06:22:40.930  1074  1166 D SplashScreenView: Build android.window.SplashScreenView{fc8dc67 V.E...... ......ID 0,0-0,0}
04-04 06:22:40.930  1074  1166 D SplashScreenView: Icon: view: android.widget.ImageView{a576a14 V.ED..... ......I. 0,0-0,0 #1020504 android:id/splashscreen_icon_view} drawable: com.android.wm.shell.startingsurface.SplashscreenIconDrawableFactory$ImmobileIconDrawable@90272bd size: 504      
04-04 06:22:40.930  1074  1166 D SplashScreenView: Branding: view: android.view.View{2ea0b2 G.ED..... ......I. 0,0-0,0 #1020503 android:id/splashscreen_branding_view} drawable: null size w: 0 h: 0
04-04 06:22:40.971   673  1449 D CoreBackPreview: Window{7206c32 u0 Splash Screen com.laurin.tarot}: Setting back callback OnBackInvokedCallbackInfo{mCallback=android.window.IOnBackInvokedCallback$Stub$Proxy@ce28b00, mPriority=0, mIsAnimationCallback=false}
04-04 06:22:40.984   370   427 I netd    : tetherGetStats() -> {[]} <1.38ms>
04-04 06:22:40.989  1074  1135 W Looper  : Slow dispatch took 71ms wmshell.main h=android.os.Handler c=com.android.wm.shell.transition.Transitions$TransitionPlayerImpl$$ExternalSyntheticLambda1@70de7ac m=0
04-04 06:22:41.005  1074  1135 W Looper  : Drained
04-04 06:22:41.076   432   432 E SurfaceFlinger: Out of order buffers detected for RequestedLayerState{com.android.launcher3/com.android.launcher3.uioverrides.QuickstepLauncher#179 parentId=109} producedId=15 frameNumber=23 -> producedId=15 frameNumber=6
04-04 06:22:41.079   432   432 D SurfaceFlinger: TransactionTraceWriter: file=/data/misc/wmtrace/out_of_order_buffers_transactions_trace.winscope already exists
04-04 06:22:41.080   421   860 D audioserver: logFgsApiBegin: FGS Logger Transaction failed, -129
04-04 06:22:41.080   432   432 I BpBinder: onLastStrongRef automatically unlinking death recipients:
04-04 06:22:41.122  1495  1495 I TopTaskTracker: onTaskMovedToFront: (moved taskInfo to front) taskId=27, baseIntent=Intent { act=android.intent.action.MAIN cat=[android.intent.category.LAUNCHER] flg=0x10200000 cmp=com.laurin.tarot/.MainActivity }
04-04 06:22:41.133   673  1449 W AS.PlaybackActivityMon: No piid assigned for invalid/internal port id 15
04-04 06:22:41.195   432   432 E SurfaceFlinger: Out of order buffers detected for RequestedLayerState{com.android.launcher3/com.android.launcher3.uioverrides.QuickstepLauncher#179 parentId=109} producedId=15 frameNumber=23 -> producedId=15 frameNumber=7
04-04 06:22:41.195   432   432 D SurfaceFlinger: TransactionTraceWriter: file=/data/misc/wmtrace/out_of_order_buffers_transactions_trace.winscope already exists
04-04 06:22:41.195   421   531 D AudioFlinger: mixer(0x7bfabb03f8e0) throttle end: throttle time(22)
04-04 06:22:41.224   673   727 W Looper  : Slow dispatch took 4290ms android.ui h=android.view.Choreographer$FrameHandler c=android.view.Choreographer$FrameDisplayEventReceiver@f5da6b0 m=0
04-04 06:22:41.265   673   725 V WindowManager: Sent Transition (#29) createdAt=04-04 06:22:40.834 via request=TransitionRequestInfo { type = OPEN, triggerTask = TaskInfo{userId=0 taskId=27 displayId=0 isRunning=true baseIntent=Intent { act=android.intent.action.MAIN cat=[android.intent.category.LAUNCHER] flg=0x10200000 cmp=com.laurin.tarot/.MainActivity } baseActivity=ComponentInfo{com.laurin.tarot/com.laurin.tarot.MainActivity} topActivity=ComponentInfo{com.laurin.tarot/com.laurin.tarot.MainActivity} origActivity=null realActivity=ComponentInfo{com.laurin.tarot/com.laurin.tarot.MainActivity} numActivities=1 lastActiveTime=821896 supportsMultiWindow=true resizeMode=1 isResizeable=true minWidth=-1 minHeight=-1 defaultMinSize=220 token=WCT{RemoteToken{bb54f8a Task{d7c3ba6 #27 type=standard A=10148:com.laurin.tarot}}} topActivityType=1 pictureInPictureParams=null shouldDockBigOverlays=false launchIntoPipHostTaskId=-1 lastParentTaskIdBeforePip=-1 displayCutoutSafeInsets=Rect(0, 136 - 0, 0) topActivityInfo=ActivityInfo{92b19fb com.laurin.tarot.MainActivity} launchCookies=[android.os.BinderProxy@c66ba18] positionInParent=Point(0, 0) parentTaskId=-1 isFocused=false isVisible=false isVisibleRequested=false isSleeping=false locusId=null displayAreaFeatureId=1 isTopActivityTransparent=false appCompatTaskInfo=AppCompatTaskInfo { topActivityInSizeCompat=false topActivityEligibleForLetterboxEducation= falseisLetterboxEducationEnabled= false isLetterboxDoubleTapEnabled= false topActivityEligibleForUserAspectRatioButton= false topActivityBoundsLetterboxed= false isFromLetterboxDoubleTap= false topActivityLetterboxVerticalPosition= -1 topActivityLetterboxHorizontalPosition= -1 topActivityLetterboxWidth=1080 topActivityLetterboxHeight=2340 isUserFullscreenOverrideEnabled=false isSystemFullscreenOverrideEnabled=false cameraCompatTaskInfo=CameraCompatTaskInfo { cameraCompatControlState=hidden freeformCameraCompatMode=inactive}}}, pipTask = null, remoteTransition = RemoteTransition { remoteTransition = android.window.IRemoteTransition$Stub$Proxy@b00bc71, appThread = android.app.IApplicationThread$Stub$Proxy@920da56, debugName = QuickstepLaunch }, displayChange = null, flags = 0, debugId = 29 }
04-04 06:22:41.265   673   725 V WindowManager:     startWCT=WindowContainerTransaction { changes = {} hops = [] errorCallbackToken=null taskFragmentOrganizer=null }
04-04 06:22:41.265   673   725 V WindowManager:     info={id=29 t=OPEN f=0x0 trk=0 r=[0@Point(0, 0)] c=[
04-04 06:22:41.265   673   725 V WindowManager:         {WCT{RemoteToken{bb54f8a Task{d7c3ba6 #27 type=standard A=10148:com.laurin.tarot}}} m=OPEN f=NONE leash=Surface(name=Task=27)/@0x665572c sb=Rect(0, 0 - 1080, 2340) eb=Rect(0, 0 - 1080, 2340) d=0 taskParent=-1},
04-04 06:22:41.265   673   725 V WindowManager:         {WCT{RemoteToken{be78f4a Task{eeeda93 #1 type=home}}} m=TO_BACK f=SHOW_WALLPAPER leash=Surface(name=Task=1)/@0xeb173f2 sb=Rect(0, 0 - 1080, 2340) eb=Rect(0, 0 - 1080, 2340) d=0 taskParent=-1}
04-04 06:22:41.265   673   725 V WindowManager:     ]}
04-04 06:22:41.297  1074  1090 V WindowManagerShell: onTransitionReady(transaction=2890512991543)
04-04 06:22:41.311   421   531 D AudioFlinger: mixer(0x7bfabb03f8e0) throttle end: throttle time(19)
04-04 06:22:41.321   673  1249 D CoreBackPreview: Window{a65197e u0 com.laurin.tarot/com.laurin.tarot.MainActivity}: Setting back callback OnBackInvokedCallbackInfo{mCallback=android.window.IOnBackInvokedCallback$Stub$Proxy@a075ad7, mPriority=0, mIsAnimationCallback=false}
04-04 06:22:41.334  1074  1135 W Looper  : Slow delivery took 53ms wmshell.main h=android.os.Handler c=com.android.wm.shell.common.ShellExecutor$$ExternalSyntheticLambda0@6338044 m=0
04-04 06:22:41.337  1074  1135 W Looper  : Slow dispatch took 38ms wmshell.main h=android.os.Handler c=com.android.wm.shell.common.ShellExecutor$$ExternalSyntheticLambda0@6338044 m=0
04-04 06:22:41.339  1074  1135 V WindowManagerShell: onTransitionReady (#29) android.os.BinderProxy@965bd4e: {id=29 t=OPEN f=0x0 trk=0 r=[0@Point(0, 0)] c=[{WCT{android.window.IWindowContainerToken$Stub$Proxy@d9a852d} m=OPEN f=NONE leash=Surface(name=Task=27)/@0xa47d298 sb=Rect(0, 0 - 1080, 2340) eb=Rect(0, 0 - 1080, 2340) d=0 taskParent=-1},{WCT{android.window.IWindowContainerToken$Stub$Proxy@d2c9a62} m=TO_BACK f=SHOW_WALLPAPER leash=Surface(name=Task=1)/@0xc4f2af1 sb=Rect(0, 0 - 1080, 2340) eb=Rect(0, 0 - 1080, 2340) d=0 taskParent=-1}]}
04-04 06:22:41.346   432   432 E SurfaceFlinger: Out of order buffers detected for RequestedLayerState{com.android.launcher3/com.android.launcher3.uioverrides.QuickstepLauncher#179 parentId=109} producedId=15 frameNumber=23 -> producedId=15 frameNumber=8
04-04 06:22:41.346   432   432 D SurfaceFlinger: TransactionTraceWriter: file=/data/misc/wmtrace/out_of_order_buffers_transactions_trace.winscope already exists
04-04 06:22:41.376  1074  1135 V WindowManagerShell: Playing animation for (#29) android.os.BinderProxy@965bd4e@0
04-04 06:22:41.387  1074  1135 V WindowManagerShell:  try firstHandler com.android.wm.shell.transition.DefaultMixedHandler@faf8f8c
04-04 06:22:41.387  1074  1135 V WindowManagerShell: Mixed transition for opening an intent with a remote transition and PIP #29
04-04 06:22:41.388  1074  1135 V WindowManagerShell:  Delegate animation for (#29) to RemoteTransition { remoteTransition = android.window.IRemoteTransition$Stub$Proxy@2e4605a, appThread = android.app.IApplicationThread$Stub$Proxy@34a28b, debugName = QuickstepLaunch }
04-04 06:22:41.390   673   727 I Choreographer: Skipped 265 frames!  The application may be doing too much work on its main thread.
04-04 06:22:41.467  3117  3129 I EGL_emulation: Opening libGLESv1_CM_emulation.so
04-04 06:22:41.472   421   531 D audioserver: logFgsApiEnd: FGS Logger Transaction failed, -129
04-04 06:22:41.492  3117  3129 I EGL_emulation: Opening libGLESv2_emulation.so
04-04 06:22:41.507  1074  1135 V WindowManagerShell:  animated by firstHandler
04-04 06:22:41.507  1074  1135 W Looper  : Slow dispatch took 168ms wmshell.main h=android.os.Handler c=com.android.wm.shell.transition.Transitions$TransitionPlayerImpl$$ExternalSyntheticLambda0@ac74729 m=0
04-04 06:22:41.521  1495  1495 D BaseDepthController: mSurface is null and mCurrentBlur is: 0
04-04 06:22:41.522  1495  1495 D BaseDepthController: mSurface is null and mCurrentBlur is: 0
04-04 06:22:41.524  1495  1495 D BaseDepthController: mSurface is null and mCurrentBlur is: 0
04-04 06:22:41.702  1495  1495 D BaseDepthController: mSurface is null and mCurrentBlur is: 0
04-04 06:22:41.743  1495  1818 D EGL_emulation: app_time_stats: avg=1716.99ms min=35.72ms max=3398.26ms count=2
04-04 06:22:41.754   432   432 E SurfaceFlinger: Out of order buffers detected for RequestedLayerState{com.android.launcher3/com.android.launcher3.uioverrides.QuickstepLauncher#179 parentId=109} producedId=15 frameNumber=23 -> producedId=15 frameNumber=9
04-04 06:22:41.754   432   432 D SurfaceFlinger: TransactionTraceWriter: file=/data/misc/wmtrace/out_of_order_buffers_transactions_trace.winscope already exists
04-04 06:22:41.819   673   727 W Looper  : Slow dispatch took 429ms android.ui h=android.view.Choreographer$FrameHandler c=android.view.Choreographer$FrameDisplayEventReceiver@f5da6b0 m=0
04-04 06:22:41.925  1495  1818 D EGL_emulation: app_time_stats: avg=198.80ms min=73.56ms max=323.67ms count=5
04-04 06:22:41.927   432   432 E SurfaceFlinger: Out of order buffers detected for RequestedLayerState{com.android.launcher3/com.android.launcher3.uioverrides.QuickstepLauncher#179 parentId=109} producedId=15 frameNumber=23 -> producedId=15 frameNumber=10
04-04 06:22:41.927   432   432 D SurfaceFlinger: TransactionTraceWriter: file=/data/misc/wmtrace/out_of_order_buffers_transactions_trace.winscope already exists
04-04 06:22:41.931   394   394 I RanchuHwc: logCompositionFallbackIfChanged: layer 67 CompositionType fallback from 2 to 1
04-04 06:22:41.932   394   394 I RanchuHwc: logCompositionFallbackIfChanged: layer 68 CompositionType fallback from 3 to 1
04-04 06:22:41.932   394   394 I RanchuHwc: logCompositionFallbackIfChanged: layer 66 CompositionType fallback from 2 to 1
04-04 06:22:42.063  3117  3129 W HWUI    : Failed to initialize 101010-2 format, error = EGL_SUCCESS
04-04 06:22:42.071  3117  3141 E ReactNativeJS: 'Failed to optimize image:', { [Error: Call to function 'Context.renderAsync' has been rejected. 
04-04 06:22:42.071  3117  3141 E ReactNativeJS: → Caused by: Could not load the image: assets_images_tarot_cards_king_of_cups
04-04 06:22:42.071  3117  3141 E ReactNativeJS: → Caused by: java.lang.Exception: Loading bitmap failed] code: 'ERR_UNEXPECTED' }
04-04 06:22:42.074  3117  3141 E ReactNativeJS: 'Failed to optimize image:', { [Error: Call to function 'Context.renderAsync' has been rejected.
04-04 06:22:42.074  3117  3141 E ReactNativeJS: → Caused by: Could not load the image: assets_images_tarot_cards_the_empress
04-04 06:22:42.074  3117  3141 E ReactNativeJS: → Caused by: java.lang.Exception: Loading bitmap failed] code: 'ERR_UNEXPECTED' }
04-04 06:22:42.076  3117  3141 E ReactNativeJS: 'Failed to optimize image:', { [Error: Call to function 'Context.renderAsync' has been rejected. 
04-04 06:22:42.076  3117  3141 E ReactNativeJS: → Caused by: Could not load the image: assets_images_tarot_cards_the_magician
04-04 06:22:42.076  3117  3141 E ReactNativeJS: → Caused by: java.lang.Exception: Loading bitmap failed] code: 'ERR_UNEXPECTED' }
04-04 06:22:42.078  3117  3141 E ReactNativeJS: 'Failed to optimize image:', { [Error: Call to function 'Context.renderAsync' has been rejected. 
04-04 06:22:42.078  3117  3141 E ReactNativeJS: → Caused by: Could not load the image: assets_images_tarot_cards_queen_of_cups
04-04 06:22:42.078  3117  3141 E ReactNativeJS: → Caused by: java.lang.Exception: Loading bitmap failed] code: 'ERR_UNEXPECTED' }
04-04 06:22:42.080  3117  3141 E ReactNativeJS: 'Failed to optimize image:', { [Error: Call to function 'Context.renderAsync' has been rejected. 
04-04 06:22:42.080  3117  3141 E ReactNativeJS: → Caused by: Could not load the image: assets_images_tarot_cards_the_fool
04-04 06:22:42.080  3117  3141 E ReactNativeJS: → Caused by: java.lang.Exception: Loading bitmap failed] code: 'ERR_UNEXPECTED' }
04-04 06:22:42.081  3117  3141 E ReactNativeJS: 'Failed to optimize image:', { [Error: Call to function 'Context.renderAsync' has been rejected. 
04-04 06:22:42.081  3117  3141 E ReactNativeJS: → Caused by: Could not load the image: assets_images_tarot_cards_three_cups
04-04 06:22:42.081  3117  3141 E ReactNativeJS: → Caused by: java.lang.Exception: Loading bitmap failed] code: 'ERR_UNEXPECTED' }
04-04 06:22:42.137  3117  3137 W om.laurin.tarot: Long monitor contention with owner DefaultDispatcher-worker-4 (3160) at void com.bumptech.glide.RequestManager.track(com.bumptech.glide.request.target.Target, com.bumptech.glide.request.Request)(RequestManager.java:689) waiters=0 in com.bumptech.glide.request.RequestOptions com.bumptech.glide.RequestManager.getDefaultRequestOptions() for 230ms
04-04 06:22:42.151  3117  3141 E ReactNativeJS: 'Failed to optimize image:', { [Error: Call to function 'Context.renderAsync' has been rejected. 
04-04 06:22:42.151  3117  3141 E ReactNativeJS: → Caused by: Could not load the image: assets_images_tarot_cards_page_of_pentacles
04-04 06:22:42.151  3117  3141 E ReactNativeJS: → Caused by: java.lang.Exception: Loading bitmap failed] code: 'ERR_UNEXPECTED' }
04-04 06:22:42.174  1074  1296 D EGL_emulation: app_time_stats: avg=1587.54ms min=12.71ms max=7810.07ms count=5
04-04 06:22:42.184  3117  3141 E ReactNativeJS: 'Failed to optimize image:', { [Error: Call to function 'Context.renderAsync' has been rejected. 
04-04 06:22:42.184  3117  3141 E ReactNativeJS: → Caused by: Could not load the image: assets_images_tarot_cards_page_of_cups
04-04 06:22:42.184  3117  3141 E ReactNativeJS: → Caused by: java.lang.Exception: Loading bitmap failed] code: 'ERR_UNEXPECTED' }
04-04 06:22:42.216   673  2067 W UserManagerService: Requested status bar icon for non-badged user 0
04-04 06:22:42.223  3117  3141 E ReactNativeJS: 'Failed to optimize image:', { [Error: Call to function 'Context.renderAsync' has been rejected. 
04-04 06:22:42.223  3117  3141 E ReactNativeJS: → Caused by: Could not load the image: assets_images_tarot_cards_four_cups
04-04 06:22:42.223  3117  3141 E ReactNativeJS: → Caused by: java.lang.Exception: Loading bitmap failed] code: 'ERR_UNEXPECTED' }
04-04 06:22:42.239   673  2067 W UserManagerService: Requested status bar icon for non-badged user 0
04-04 06:22:42.251   432   432 E SurfaceFlinger: Out of order buffers detected for RequestedLayerState{com.android.launcher3/com.android.launcher3.uioverrides.QuickstepLauncher#179 parentId=109} producedId=15 frameNumber=23 -> producedId=15 frameNumber=11
04-04 06:22:42.251   432   432 D SurfaceFlinger: TransactionTraceWriter: file=/data/misc/wmtrace/out_of_order_buffers_transactions_trace.winscope already exists
04-04 06:22:42.295   673  2067 W UserManagerService: Requested status bar icon for non-badged user 0
04-04 06:22:42.378  3117  3141 E ReactNativeJS: 'Failed to optimize image:', { [Error: Call to function 'Context.renderAsync' has been rejected. 
04-04 06:22:42.378  3117  3141 E ReactNativeJS: → Caused by: Could not load the image: assets_images_tarot_cards_five_cups
04-04 06:22:42.378  3117  3141 E ReactNativeJS: → Caused by: java.lang.Exception: Loading bitmap failed] code: 'ERR_UNEXPECTED' }
04-04 06:22:42.381   673  1132 W UserManagerService: Requested status bar icon for non-badged user 0
04-04 06:22:42.382  3117  3141 E ReactNativeJS: 'Failed to optimize image:', { [Error: Call to function 'Context.renderAsync' has been rejected. 
04-04 06:22:42.382  3117  3141 E ReactNativeJS: → Caused by: Could not load the image: assets_images_tarot_cards_seven_cups
04-04 06:22:42.382  3117  3141 E ReactNativeJS: → Caused by: java.lang.Exception: Loading bitmap failed] code: 'ERR_UNEXPECTED' }
04-04 06:22:42.502  3117  3149 E SurfaceSyncGroup: Failed to receive transaction ready in 1000ms. Marking SurfaceSyncGroup(wmsSync-VRI[MainActivity]#2) as ready
04-04 06:22:42.503  3117  3149 E SurfaceSyncGroup: Failed to receive transaction ready in 1000ms. Marking SurfaceSyncGroup(VRI[MainActivity]#3) as ready
04-04 06:22:42.525  3117  3141 E ReactNativeJS: 'Failed to optimize image:', { [Error: Call to function 'Context.renderAsync' has been rejected. 
04-04 06:22:42.525  3117  3141 E ReactNativeJS: → Caused by: Could not load the image: assets_images_tarot_cards_three_pents
04-04 06:22:42.525  3117  3141 E ReactNativeJS: → Caused by: java.lang.Exception: Loading bitmap failed] code: 'ERR_UNEXPECTED' }
04-04 06:22:42.529   432   432 E SurfaceFlinger: Out of order buffers detected for RequestedLayerState{com.android.launcher3/com.android.launcher3.uioverrides.QuickstepLauncher#179 parentId=109} producedId=15 frameNumber=23 -> producedId=15 frameNumber=12
04-04 06:22:42.530   432   432 D SurfaceFlinger: TransactionTraceWriter: file=/data/misc/wmtrace/out_of_order_buffers_transactions_trace.winscope already exists
04-04 06:22:42.530  1074  1135 V WindowManagerShell: Transition animation finished (aborted=false), notifying core (#29) android.os.BinderProxy@965bd4e@0
04-04 06:22:42.552  3117  3141 E ReactNativeJS: 'Failed to optimize image:', { [Error: Call to function 'Context.renderAsync' has been rejected. 
04-04 06:22:42.552  3117  3141 E ReactNativeJS: → Caused by: Could not load the image: assets_images_tarot_cards_two_cups
04-04 06:22:42.552  3117  3141 E ReactNativeJS: → Caused by: java.lang.Exception: Loading bitmap failed] code: 'ERR_UNEXPECTED' }
04-04 06:22:42.660  3117  3141 E ReactNativeJS: 'Failed to optimize image:', { [Error: Call to function 'Context.renderAsync' has been rejected. 
04-04 06:22:42.660  3117  3141 E ReactNativeJS: → Caused by: Could not load the image: assets_images_tarot_cards_nine_cups
04-04 06:22:42.660  3117  3141 E ReactNativeJS: → Caused by: java.lang.Exception: Loading bitmap failed] code: 'ERR_UNEXPECTED' }
04-04 06:22:42.662  3117  3141 E ReactNativeJS: 'Failed to optimize image:', { [Error: Call to function 'Context.renderAsync' has been rejected. 
04-04 06:22:42.662  3117  3141 E ReactNativeJS: → Caused by: Could not load the image: assets_images_tarot_cards_eight_cups
04-04 06:22:42.662  3117  3141 E ReactNativeJS: → Caused by: java.lang.Exception: Loading bitmap failed] code: 'ERR_UNEXPECTED' }
04-04 06:22:42.688  3117  3141 E ReactNativeJS: 'Failed to optimize image:', { [Error: Call to function 'Context.renderAsync' has been rejected. 
04-04 06:22:42.688  3117  3141 E ReactNativeJS: → Caused by: Could not load the image: assets_images_tarot_cards_six_cups
04-04 06:22:42.688  3117  3141 E ReactNativeJS: → Caused by: java.lang.Exception: Loading bitmap failed] code: 'ERR_UNEXPECTED' }
04-04 06:22:42.698  1495  1495 D VRI[QuickstepLauncher]: visibilityChanged oldVisibility=true newVisibility=false
04-04 06:22:42.715   432   432 E SurfaceFlinger: Out of order buffers detected for RequestedLayerState{com.android.launcher3/com.android.launcher3.uioverrides.QuickstepLauncher#179 parentId=109} producedId=15 frameNumber=23 -> producedId=15 frameNumber=13
04-04 06:22:42.715   432   432 D SurfaceFlinger: TransactionTraceWriter: file=/data/misc/wmtrace/out_of_order_buffers_transactions_trace.winscope already exists
04-04 06:22:42.715   673   725 I ActivityTaskManager: Displayed com.laurin.tarot/.MainActivity for user 0: +1s765ms
04-04 06:22:42.725  1074  1135 V WindowManagerShell: Track 0 became idle
04-04 06:22:42.725  1074  1135 V WindowManagerShell: All active transition animations finished
04-04 06:22:42.726  1074  1135 W Looper  : Drained
04-04 06:22:42.737  1074  1135 W Looper  : Slow dispatch took 197ms wmshell.main h=android.os.Handler c=com.android.wm.shell.transition.RemoteTransitionHandler$1$$ExternalSyntheticLambda0@f2111c8 m=0
04-04 06:22:42.746   673   725 V WindowManager: Finish Transition (#29): created at 04-04 06:22:40.834 collect-started=0.145ms request-sent=63.006ms started=135.739ms ready=135.657ms sent=428.823ms finished=1836.274ms
04-04 06:22:42.763  3117  3141 E ReactNativeJS: 'Failed to optimize image:', { [Error: Call to function 'Context.renderAsync' has been rejected. 
04-04 06:22:42.763  3117  3141 E ReactNativeJS: → Caused by: Could not load the image: assets_images_tarot_cards_knight_of_cups
04-04 06:22:42.763  3117  3141 E ReactNativeJS: → Caused by: java.lang.Exception: Loading bitmap failed] code: 'ERR_UNEXPECTED' }
04-04 06:22:42.765  3117  3141 E ReactNativeJS: 'Failed to optimize image:', { [Error: Call to function 'Context.renderAsync' has been rejected. 
04-04 06:22:42.765  3117  3141 E ReactNativeJS: → Caused by: Could not load the image: assets_images_tarot_cards_high_priestess
04-04 06:22:42.765  3117  3141 E ReactNativeJS: → Caused by: java.lang.Exception: Loading bitmap failed] code: 'ERR_UNEXPECTED' }
04-04 06:22:42.860  3117  3141 I ReactNativeJS: Running "main"
04-04 06:22:42.891  1074  1135 W Looper  : Slow delivery took 246ms wmshell.main h=android.os.Handler c=android.window.TaskOrganizer$1$$ExternalSyntheticLambda6@d2fb261 m=0
04-04 06:22:42.892  1074  1135 W Looper  : Drained
04-04 06:22:43.003   673  1681 E TaskPersister: File error accessing recents directory (directory doesn't exist?).
04-04 06:22:43.039  1495  1495 D BaseDepthController: setSurface:
04-04 06:22:43.039  1495  1495 D BaseDepthController:   mWaitingOnSurfaceValidity: false
04-04 06:22:43.039  1495  1495 D BaseDepthController:   mSurface: null
04-04 06:22:43.040  1495  1495 D BaseDepthController: mSurface is null and mCurrentBlur is: 23
04-04 06:22:43.041  1495  1495 D StatsLog: LAUNCHER_ONSTOP
04-04 06:22:43.188  1495  1495 W FrameTracker: Missed App frame:UNKNOWN: 76, 53443, 0, CUJ=J<LAUNCHER_APP_LAUNCH_FROM_ICON>
04-04 06:22:43.189  1495  1495 W FrameTracker: Missed SF frame:UNKNOWN: 76, 53443, 0, CUJ=J<LAUNCHER_APP_LAUNCH_FROM_ICON>
04-04 06:22:43.189  1495  1495 W FrameTracker: Missing HWUI jank callback for vsyncId: 53443, CUJ=J<LAUNCHER_APP_LAUNCH_FROM_ICON>
04-04 06:22:43.190  1495  1495 W FrameTracker: Missed App frame:UNKNOWN: 76, 53495, 519646408, CUJ=J<LAUNCHER_APP_LAUNCH_FROM_ICON>
04-04 06:22:43.190  1495  1495 W FrameTracker: Missed SF frame:UNKNOWN: 76, 53495, 519646408, CUJ=J<LAUNCHER_APP_LAUNCH_FROM_ICON>
04-04 06:22:43.190  1495  1495 W FrameTracker: Missed App frame:UNKNOWN: 76, 53546, 594089148, CUJ=J<LAUNCHER_APP_LAUNCH_FROM_ICON>
04-04 06:22:43.191  1495  1495 W FrameTracker: Missed SF frame:UNKNOWN: 76, 53546, 594089148, CUJ=J<LAUNCHER_APP_LAUNCH_FROM_ICON>
04-04 06:22:43.207  1495  1523 V PerfettoTrigger: Not triggering com.android.telemetry.interaction-jank-monitor-8 - not enough time since last trigger
04-04 06:22:43.228  3117  3141 E ReactNativeJS: 'Failed to optimize image:', { [Error: Call to function 'Context.renderAsync' has been rejected. 
04-04 06:22:43.228  3117  3141 E ReactNativeJS: → Caused by: Could not load the image: assets_images_tarot_cards_six_pents
04-04 06:22:43.228  3117  3141 E ReactNativeJS: → Caused by: java.lang.Exception: Loading bitmap failed] code: 'ERR_UNEXPECTED' }
04-04 06:22:43.273  3117  3117 I Choreographer: Skipped 117 frames!  The application may be doing too much work on its main thread.
04-04 06:22:43.326   370   427 I netd    : tetherGetStats() -> {[]} <2.79ms>
04-04 06:22:43.333   673   727 W Looper  : Slow dispatch took 1458ms android.ui h=android.view.Choreographer$FrameHandler c=android.view.Choreographer$FrameDisplayEventReceiver@f5da6b0 m=0
04-04 06:22:43.335   673   727 I Choreographer: Skipped 85 frames!  The application may be doing too much work on its main thread.
04-04 06:22:43.403  3117  3141 E ReactNativeJS: 'Failed to optimize image:', { [Error: Call to function 'Context.renderAsync' has been rejected. 
04-04 06:22:43.403  3117  3141 E ReactNativeJS: → Caused by: Could not load the image: assets_images_tarot_cards_four_pents
04-04 06:22:43.403  3117  3141 E ReactNativeJS: → Caused by: java.lang.Exception: Loading bitmap failed] code: 'ERR_UNEXPECTED' }
04-04 06:22:43.422  3117  3141 E ReactNativeJS: 'Failed to optimize image:', { [Error: Call to function 'Context.renderAsync' has been rejected. 
04-04 06:22:43.422  3117  3141 E ReactNativeJS: → Caused by: Could not load the image: assets_images_tarot_cards_seven_pents
04-04 06:22:43.422  3117  3141 E ReactNativeJS: → Caused by: java.lang.Exception: Loading bitmap failed] code: 'ERR_UNEXPECTED' }
04-04 06:22:43.433   673  2067 I HWUI    : Davey! duration=5944ms; Flags=0, FrameTimelineVsyncId=52856, IntendedVsync=817958785350, Vsync=822375451840, InputEventId=0, HandleInputStart=822392174600, AnimationStart=822397010800, PerformTraversalsStart=822397875900, DrawStart=822398499800, FrameDeadline=817975452016, FrameInterval=822390239400, FrameStartTime=16666666, SyncQueued=822399055500, SyncStart=822814979700, IssueDrawCommandsStart=822818840900, SwapBuffers=824006299200, FrameCompleted=824319381600, DequeueBufferDuration=75300, QueueBufferDuration=2967000, GpuCompleted=824319381600, SwapBuffersCompleted=824319218300, DisplayPresentTime=0, CommandSubmissionCompleted=824006299200,
04-04 06:22:43.432  3117  3127 I HWUI    : Davey! duration=2244ms; Flags=1, FrameTimelineVsyncId=53274, IntendedVsync=822058785186, Vsync=822275451844, InputEventId=0, HandleInputStart=822302341500, AnimationStart=822302416600, PerformTraversalsStart=822303050800, DrawStart=823255608900, FrameDeadline=822075451852, FrameInterval=822289524700, FrameStartTime=16666666, SyncQueued=823255975900, SyncStart=823266771300, IssueDrawCommandsStart=823267163100, SwapBuffers=823519683600, FrameCompleted=824314517300, DequeueBufferDuration=85700, QueueBufferDuration=1015000, GpuCompleted=824314517300, SwapBuffersCompleted=824215817300, DisplayPresentTime=0, CommandSubmissionCompleted=823519683600,
04-04 06:22:43.518  3117  3141 E ReactNativeJS: 'Failed to optimize image:', { [Error: Call to function 'Context.renderAsync' has been rejected. 
04-04 06:22:43.518  3117  3141 E ReactNativeJS: → Caused by: Could not load the image: assets_images_tarot_cards_ten_pents
04-04 06:22:43.518  3117  3141 E ReactNativeJS: → Caused by: java.lang.Exception: Loading bitmap failed] code: 'ERR_UNEXPECTED' }
04-04 06:22:43.519  3117  3117 D SplashScreenView: Building from parcel drawable: android.graphics.drawable.BitmapDrawable@7eb5550
04-04 06:22:43.547  3117  3141 E ReactNativeJS: 'Failed to optimize image:', { [Error: Call to function 'Context.renderAsync' has been rejected. 
04-04 06:22:43.547  3117  3141 E ReactNativeJS: → Caused by: Could not load the image: assets_images_tarot_cards_nine_pents
04-04 06:22:43.547  3117  3141 E ReactNativeJS: → Caused by: java.lang.Exception: Loading bitmap failed] code: 'ERR_UNEXPECTED' }
04-04 06:22:43.550  3117  3141 E ReactNativeJS: 'Failed to optimize image:', { [Error: Call to function 'Context.renderAsync' has been rejected. 
04-04 06:22:43.550  3117  3141 E ReactNativeJS: → Caused by: Could not load the image: assets_images_tarot_cards_knight_of_pentacles
04-04 06:22:43.550  3117  3141 E ReactNativeJS: → Caused by: java.lang.Exception: Loading bitmap failed] code: 'ERR_UNEXPECTED' }
04-04 06:22:43.556  3117  3117 D SplashScreenView: Build android.window.SplashScreenView{154344e V.E...... ......ID 0,0-0,0}
04-04 06:22:43.556  3117  3117 D SplashScreenView: Icon: view: androidx.appcompat.widget.AppCompatImageView{b1e396f V.ED..... ......I. 0,0-0,0 #1020504 android:id/splashscreen_icon_view} drawable: android.graphics.drawable.BitmapDrawable@7eb5550 size: 504
04-04 06:22:43.556  3117  3117 D SplashScreenView: Branding: view: android.view.View{c38767c G.ED..... ......I. 0,0-0,0 #1020503 android:id/splashscreen_branding_view} drawable: null size w: 0 h: 0
04-04 06:22:43.558  3117  3141 E ReactNativeJS: 'Failed to optimize image:', { [Error: Call to function 'Context.renderAsync' has been rejected. 
04-04 06:22:43.558  3117  3141 E ReactNativeJS: → Caused by: Could not load the image: assets_images_tarot_cards_the_fool
04-04 06:22:43.558  3117  3141 E ReactNativeJS: → Caused by: java.lang.Exception: Loading bitmap failed] code: 'ERR_UNEXPECTED' }
04-04 06:22:43.562  3117  3141 E ReactNativeJS: 'Failed to optimize image:', { [Error: Call to function 'Context.renderAsync' has been rejected. 
04-04 06:22:43.562  3117  3141 E ReactNativeJS: → Caused by: Could not load the image: assets_images_tarot_cards_the_magician
04-04 06:22:43.562  3117  3141 E ReactNativeJS: → Caused by: java.lang.Exception: Loading bitmap failed] code: 'ERR_UNEXPECTED' }
04-04 06:22:43.564   673   727 W Looper  : Slow dispatch took 229ms android.ui h=android.view.Choreographer$FrameHandler c=android.view.Choreographer$FrameDisplayEventReceiver@f5da6b0 m=0
04-04 06:22:43.565  3117  3141 E ReactNativeJS: 'Failed to optimize image:', { [Error: Call to function 'Context.renderAsync' has been rejected. 
04-04 06:22:43.565  3117  3141 E ReactNativeJS: → Caused by: Could not load the image: assets_images_tarot_cards_king_of_cups
04-04 06:22:43.565  3117  3141 E ReactNativeJS: → Caused by: java.lang.Exception: Loading bitmap failed] code: 'ERR_UNEXPECTED' }
04-04 06:22:43.631  3117  3141 E ReactNativeJS: 'Failed to optimize image:', { [Error: Call to function 'Context.renderAsync' has been rejected. 
04-04 06:22:43.631  3117  3141 E ReactNativeJS: → Caused by: Could not load the image: assets_images_tarot_cards_ace_of_pentacles
04-04 06:22:43.631  3117  3141 E ReactNativeJS: → Caused by: java.lang.Exception: Loading bitmap failed] code: 'ERR_UNEXPECTED' }
04-04 06:22:43.654   673  2067 I HWUI    : Davey! duration=704ms; Flags=0, FrameTimelineVsyncId=53356, IntendedVsync=822408785172, Vsync=822858785154, InputEventId=0, HandleInputStart=822875761500, AnimationStart=822875824700, PerformTraversalsStart=822876419100, DrawStart=822876552300, FrameDeadline=824342118428, FrameInterval=822875292300, FrameStartTime=16666666, SyncQueued=822876932800, SyncStart=824323194700, IssueDrawCommandsStart=824323277100, SwapBuffers=824475277200, FrameCompleted=824559919000, DequeueBufferDuration=791300, QueueBufferDuration=4303600, GpuCompleted=824557878300, SwapBuffersCompleted=824559919000, DisplayPresentTime=0, CommandSubmissionCompleted=824475277200,
04-04 06:22:43.654  3117  3141 E ReactNativeJS: 'Failed to optimize image:', { [Error: Call to function 'Context.renderAsync' has been rejected. 
04-04 06:22:43.654  3117  3141 E ReactNativeJS: → Caused by: Could not load the image: assets_images_tarot_cards_knight_of_pentacles
04-04 06:22:43.654  3117  3141 E ReactNativeJS: → Caused by: java.lang.Exception: Loading bitmap failed] code: 'ERR_UNEXPECTED' }
04-04 06:22:43.664  3117  3141 E ReactNativeJS: 'Failed to optimize image:', { [Error: Call to function 'Context.renderAsync' has been rejected. 
04-04 06:22:43.664  3117  3141 E ReactNativeJS: → Caused by: Could not load the image: assets_images_tarot_cards_page_of_pentacles
04-04 06:22:43.664  3117  3141 E ReactNativeJS: → Caused by: java.lang.Exception: Loading bitmap failed] code: 'ERR_UNEXPECTED' }
04-04 06:22:43.668   673  1132 W UserManagerService: Requested status bar icon for non-badged user 0
04-04 06:22:43.675  3117  3141 E ReactNativeJS: 'Failed to optimize image:', { [Error: Call to function 'Context.renderAsync' has been rejected. 
04-04 06:22:43.675  3117  3141 E ReactNativeJS: → Caused by: Could not load the image: assets_images_tarot_cards_ten_cups
04-04 06:22:43.675  3117  3141 E ReactNativeJS: → Caused by: java.lang.Exception: Loading bitmap failed] code: 'ERR_UNEXPECTED' }
04-04 06:22:43.684  3117  3141 E ReactNativeJS: 'Failed to optimize image:', { [Error: Call to function 'Context.renderAsync' has been rejected. 
04-04 06:22:43.684  3117  3141 E ReactNativeJS: → Caused by: Could not load the image: assets_images_tarot_cards_high_priestess
04-04 06:22:43.684  3117  3141 E ReactNativeJS: → Caused by: java.lang.Exception: Loading bitmap failed] code: 'ERR_UNEXPECTED' }
04-04 06:22:43.692  3117  3141 E ReactNativeJS: 'Failed to optimize image:', { [Error: Call to function 'Context.renderAsync' has been rejected. 
04-04 06:22:43.692  3117  3141 E ReactNativeJS: → Caused by: Could not load the image: assets_images_tarot_cards_queen_of_cups
04-04 06:22:43.692  3117  3141 E ReactNativeJS: → Caused by: java.lang.Exception: Loading bitmap failed] code: 'ERR_UNEXPECTED' }
04-04 06:22:43.705  3117  3141 E ReactNativeJS: 'Failed to optimize image:', { [Error: Call to function 'Context.renderAsync' has been rejected. 
04-04 06:22:43.705  3117  3141 E ReactNativeJS: → Caused by: Could not load the image: assets_images_tarot_cards_four_cups
04-04 06:22:43.705  3117  3141 E ReactNativeJS: → Caused by: java.lang.Exception: Loading bitmap failed] code: 'ERR_UNEXPECTED' }
04-04 06:22:43.713   673  1132 W UserManagerService: Requested status bar icon for non-badged user 0
04-04 06:22:43.715  3117  3141 E ReactNativeJS: 'Failed to optimize image:', { [Error: Call to function 'Context.renderAsync' has been rejected. 
04-04 06:22:43.715  3117  3141 E ReactNativeJS: → Caused by: Could not load the image: assets_images_tarot_cards_two_cups
04-04 06:22:43.715  3117  3141 E ReactNativeJS: → Caused by: java.lang.Exception: Loading bitmap failed] code: 'ERR_UNEXPECTED' }
04-04 06:22:43.720  3117  3141 E ReactNativeJS: 'Failed to optimize image:', { [Error: Call to function 'Context.renderAsync' has been rejected. 
04-04 06:22:43.720  3117  3141 E ReactNativeJS: → Caused by: Could not load the image: assets_images_tarot_cards_page_of_cups
04-04 06:22:43.720  3117  3141 E ReactNativeJS: → Caused by: java.lang.Exception: Loading bitmap failed] code: 'ERR_UNEXPECTED' }
04-04 06:22:43.725  3117  3141 E ReactNativeJS: 'Failed to optimize image:', { [Error: Call to function 'Context.renderAsync' has been rejected. 
04-04 06:22:43.725  3117  3141 E ReactNativeJS: → Caused by: Could not load the image: assets_images_tarot_cards_five_pents
04-04 06:22:43.725  3117  3141 E ReactNativeJS: → Caused by: java.lang.Exception: Loading bitmap failed] code: 'ERR_UNEXPECTED' }
04-04 06:22:43.730   673   727 W Looper  : Slow dispatch took 164ms android.ui h=com.android.server.am.ActivityManagerService$UiHandler c=com.android.server.am.UidObserverController$$ExternalSyntheticLambda0@5355d3b m=0
04-04 06:22:43.782  3117  3141 E ReactNativeJS: 'Failed to optimize image:', { [Error: Call to function 'Context.renderAsync' has been rejected. 
04-04 06:22:43.782  3117  3141 E ReactNativeJS: → Caused by: Could not load the image: assets_images_tarot_cards_eight_pents
04-04 06:22:43.782  3117  3141 E ReactNativeJS: → Caused by: java.lang.Exception: Loading bitmap failed] code: 'ERR_UNEXPECTED' }
04-04 06:22:43.783  1074  1165 W WindowOnBackDispatcher: sendCancelIfRunning: isInProgress=false callback=android.view.ViewRootImpl$$ExternalSyntheticLambda11@b6215fe
04-04 06:22:43.783  3117  3141 I ReactNativeJS: ✅ Initialized and optimized 28 tarot card assets
04-04 06:22:43.784  3117  3141 E ReactNativeJS: 'Failed to optimize image:', { [Error: Call to function 'Context.renderAsync' has been rejected. 
04-04 06:22:43.784  3117  3141 E ReactNativeJS: → Caused by: Could not load the image: assets_images_tarot_cards_three_cups
04-04 06:22:43.784  3117  3141 E ReactNativeJS: → Caused by: java.lang.Exception: Loading bitmap failed] code: 'ERR_UNEXPECTED' }
04-04 06:22:43.787   673  1132 D CoreBackPreview: Window{7206c32 u0 Splash Screen com.laurin.tarot}: Setting back callback null
04-04 06:22:43.811  3117  3141 E ReactNativeJS: 'Failed to optimize image:', { [Error: Call to function 'Context.renderAsync' has been rejected. 
04-04 06:22:43.811  3117  3141 E ReactNativeJS: → Caused by: Could not load the image: assets_images_tarot_cards_six_cups
04-04 06:22:43.811  3117  3141 E ReactNativeJS: → Caused by: java.lang.Exception: Loading bitmap failed] code: 'ERR_UNEXPECTED' }
04-04 06:22:43.815   673  1449 W InputManager-JNI: Input channel object '7206c32 Splash Screen com.laurin.tarot (client)' was disposed without first being removed with the input manager!
04-04 06:22:43.905  3117  3141 E ReactNativeJS: 'Failed to optimize image:', { [Error: Call to function 'Context.renderAsync' has been rejected. 
04-04 06:22:43.905  3117  3141 E ReactNativeJS: → Caused by: Could not load the image: assets_images_tarot_cards_eight_cups
04-04 06:22:43.905  3117  3141 E ReactNativeJS: → Caused by: java.lang.Exception: Loading bitmap failed] code: 'ERR_UNEXPECTED' }
04-04 06:22:43.907  3117  3141 E ReactNativeJS: 'Failed to optimize image:', { [Error: Call to function 'Context.renderAsync' has been rejected. 
04-04 06:22:43.907  3117  3141 E ReactNativeJS: → Caused by: Could not load the image: assets_images_tarot_cards_seven_cups
04-04 06:22:43.907  3117  3141 E ReactNativeJS: → Caused by: java.lang.Exception: Loading bitmap failed] code: 'ERR_UNEXPECTED' }
04-04 06:22:43.922   673  1449 I HWUI    : Davey! duration=1681ms; Flags=0, FrameTimelineVsyncId=53539, IntendedVsync=822908785152, Vsync=824325451762, InputEventId=0, HandleInputStart=824337658700, AnimationStart=824337717900, PerformTraversalsStart=824337803100, DrawStart=824337933500, FrameDeadline=824575451752, FrameInterval=824335550300, FrameStartTime=16666666, SyncQueued=824338690900, SyncStart=824560307100, IssueDrawCommandsStart=824560406000, SwapBuffers=824660175900, FrameCompleted=824811622700, DequeueBufferDuration=70300, QueueBufferDuration=755300, GpuCompleted=824811622700, SwapBuffersCompleted=824725963100, DisplayPresentTime=0, CommandSubmissionCompleted=824660175900,
04-04 06:22:43.923  3117  3141 E ReactNativeJS: 'Failed to optimize image:', { [Error: Call to function 'Context.renderAsync' has been rejected. 
04-04 06:22:43.923  3117  3141 E ReactNativeJS: → Caused by: Could not load the image: assets_images_tarot_cards_ten_cups
04-04 06:22:43.923  3117  3141 E ReactNativeJS: → Caused by: java.lang.Exception: Loading bitmap failed] code: 'ERR_UNEXPECTED' }
04-04 06:22:43.983  3117  3141 E ReactNativeJS: 'Failed to optimize image:', { [Error: Call to function 'Context.renderAsync' has been rejected. 
04-04 06:22:43.983  3117  3141 E ReactNativeJS: → Caused by: Could not load the image: assets_images_tarot_cards_six_pents
04-04 06:22:43.983  3117  3141 E ReactNativeJS: → Caused by: java.lang.Exception: Loading bitmap failed] code: 'ERR_UNEXPECTED' }
04-04 06:22:44.004  3117  3141 E ReactNativeJS: 'Failed to optimize image:', { [Error: Call to function 'Context.renderAsync' has been rejected. 
04-04 06:22:44.004  3117  3141 E ReactNativeJS: → Caused by: Could not load the image: assets_images_tarot_cards_three_pents
04-04 06:22:44.004  3117  3141 E ReactNativeJS: → Caused by: java.lang.Exception: Loading bitmap failed] code: 'ERR_UNEXPECTED' }
04-04 06:22:44.064  3117  3141 E ReactNativeJS: 'Failed to optimize image:', { [Error: Call to function 'Context.renderAsync' has been rejected. 
04-04 06:22:44.064  3117  3141 E ReactNativeJS: → Caused by: Could not load the image: assets_images_tarot_cards_four_pents
04-04 06:22:44.064  3117  3141 E ReactNativeJS: → Caused by: java.lang.Exception: Loading bitmap failed] code: 'ERR_UNEXPECTED' }
04-04 06:22:44.071  3117  3141 E ReactNativeJS: 'Failed to optimize image:', { [Error: Call to function 'Context.renderAsync' has been rejected. 
04-04 06:22:44.071  3117  3141 E ReactNativeJS: → Caused by: Could not load the image: assets_images_tarot_cards_the_empress
04-04 06:22:44.071  3117  3141 E ReactNativeJS: → Caused by: java.lang.Exception: Loading bitmap failed] code: 'ERR_UNEXPECTED' }
04-04 06:22:44.074  3117  3141 E ReactNativeJS: 'Failed to optimize image:', { [Error: Call to function 'Context.renderAsync' has been rejected. 
04-04 06:22:44.074  3117  3141 E ReactNativeJS: → Caused by: Could not load the image: assets_images_tarot_cards_five_cups
04-04 06:22:44.074  3117  3141 E ReactNativeJS: → Caused by: java.lang.Exception: Loading bitmap failed] code: 'ERR_UNEXPECTED' }
04-04 06:22:44.089  3117  3141 E ReactNativeJS: 'Failed to optimize image:', { [Error: Call to function 'Context.renderAsync' has been rejected. 
04-04 06:22:44.089  3117  3141 E ReactNativeJS: → Caused by: Could not load the image: assets_images_tarot_cards_knight_of_cups
04-04 06:22:44.089  3117  3141 E ReactNativeJS: → Caused by: java.lang.Exception: Loading bitmap failed] code: 'ERR_UNEXPECTED' }
04-04 06:22:44.115  3117  3141 E ReactNativeJS: 'Failed to optimize image:', { [Error: Call to function 'Context.renderAsync' has been rejected. 
04-04 06:22:44.115  3117  3141 E ReactNativeJS: → Caused by: Could not load the image: assets_images_tarot_cards_five_pents
04-04 06:22:44.115  3117  3141 E ReactNativeJS: → Caused by: java.lang.Exception: Loading bitmap failed] code: 'ERR_UNEXPECTED' }
04-04 06:22:44.123  3117  3141 E ReactNativeJS: 'Failed to optimize image:', { [Error: Call to function 'Context.renderAsync' has been rejected. 
04-04 06:22:44.123  3117  3141 E ReactNativeJS: → Caused by: Could not load the image: assets_images_tarot_cards_seven_pents
04-04 06:22:44.123  3117  3141 E ReactNativeJS: → Caused by: java.lang.Exception: Loading bitmap failed] code: 'ERR_UNEXPECTED' }
04-04 06:22:44.133  3117  3141 E ReactNativeJS: 'Failed to optimize image:', { [Error: Call to function 'Context.renderAsync' has been rejected. 
04-04 06:22:44.133  3117  3141 E ReactNativeJS: → Caused by: Could not load the image: assets_images_tarot_cards_ace_of_pentacles
04-04 06:22:44.133  3117  3141 E ReactNativeJS: → Caused by: java.lang.Exception: Loading bitmap failed] code: 'ERR_UNEXPECTED' }
04-04 06:22:44.137  3117  3141 E ReactNativeJS: 'Failed to optimize image:', { [Error: Call to function 'Context.renderAsync' has been rejected. 
04-04 06:22:44.137  3117  3141 E ReactNativeJS: → Caused by: Could not load the image: assets_images_tarot_cards_ten_pents
04-04 06:22:44.137  3117  3141 E ReactNativeJS: → Caused by: java.lang.Exception: Loading bitmap failed] code: 'ERR_UNEXPECTED' }
04-04 06:22:44.141  3117  3141 E ReactNativeJS: 'Failed to optimize image:', { [Error: Call to function 'Context.renderAsync' has been rejected. 
04-04 06:22:44.141  3117  3141 E ReactNativeJS: → Caused by: Could not load the image: assets_images_tarot_cards_eight_pents
04-04 06:22:44.141  3117  3141 E ReactNativeJS: → Caused by: java.lang.Exception: Loading bitmap failed] code: 'ERR_UNEXPECTED' }
04-04 06:22:44.153  3117  3127 I HWUI    : Davey! duration=725ms; Flags=0, FrameTimelineVsyncId=53746, IntendedVsync=824292118430, Vsync=824542118420, InputEventId=0, HandleInputStart=824648936700, AnimationStart=824649016500, PerformTraversalsStart=824650085600, DrawStart=824653586000, FrameDeadline=824342118428, FrameInterval=824558707600, FrameStartTime=16666666, SyncQueued=824654105200, SyncStart=824654993100, IssueDrawCommandsStart=824655212400, SwapBuffers=824721040400, FrameCompleted=825018196500, DequeueBufferDuration=242600, QueueBufferDuration=2173300, GpuCompleted=825017782300, SwapBuffersCompleted=825018196500, DisplayPresentTime=0, CommandSubmissionCompleted=824721040400,
04-04 06:22:44.155  3117  3141 E ReactNativeJS: 'Failed to optimize image:', { [Error: Call to function 'Context.renderAsync' has been rejected. 
04-04 06:22:44.155  3117  3141 E ReactNativeJS: → Caused by: Could not load the image: assets_images_tarot_cards_nine_pents
04-04 06:22:44.155  3117  3141 E ReactNativeJS: → Caused by: java.lang.Exception: Loading bitmap failed] code: 'ERR_UNEXPECTED' }
04-04 06:22:44.182  3117  3141 E ReactNativeJS: 'Failed to optimize image:', { [Error: Call to function 'Context.renderAsync' has been rejected. 
04-04 06:22:44.182  3117  3141 E ReactNativeJS: → Caused by: Could not load the image: assets_images_tarot_cards_nine_cups
04-04 06:22:44.182  3117  3141 E ReactNativeJS: → Caused by: java.lang.Exception: Loading bitmap failed] code: 'ERR_UNEXPECTED' }
04-04 06:22:44.184  3117  3141 I ReactNativeJS: ✅ Initialized and optimized 28 tarot card assets
04-04 06:22:44.188   673   727 W Looper  : Slow dispatch took 381ms android.ui h=android.view.Choreographer$FrameHandler c=android.view.Choreographer$FrameDisplayEventReceiver@f5da6b0 m=0
04-04 06:22:44.240   673  1449 I HWUI    : Davey! duration=772ms; Flags=0, FrameTimelineVsyncId=53761, IntendedVsync=824358785094, Vsync=824725451746, InputEventId=0, HandleInputStart=824783794300, AnimationStart=824783860500, PerformTraversalsStart=824784244300, DrawStart=824784987300, FrameDeadline=824842118408, FrameInterval=824730474600, FrameStartTime=16666666, SyncQueued=824785203400, SyncStart=824785404200, IssueDrawCommandsStart=824785485600, SwapBuffers=825013785200, FrameCompleted=825131908100, DequeueBufferDuration=80300, QueueBufferDuration=6081200, GpuCompleted=825130316700, SwapBuffersCompleted=825131908100, DisplayPresentTime=0, CommandSubmissionCompleted=825013785200,
04-04 06:22:44.373   379  2285 D android.hardware.audio@7.1-impl.ranchu: threadLoop: entering standby, frames: 1969280
