04-04 06:22:36.463  3117  3142 E AndroidRuntime: recursivelyTraversePassiveMountEffects@1:384313
04-04 06:22:36.463  3117  3142 E AndroidRuntime: commitPassiveMountOnFiber@1:384421
04-04 06:22:36.463  3117  3142 E AndroidRuntime: recursivelyTraversePassiveMountEffects@1:384313
04-04 06:22:36.463  3117  3142 E AndroidRuntime: commitPassiveMountOnFiber@1:384651
04-04 06:22:36.463  3117  3142 E AndroidRuntime: recursivelyTraversePassiveMountEffects@1:384313
04-04 06:22:36.463  3117  3142 E AndroidRuntime: commitPassiveMountOnFiber@1:384651
04-04 06:22:36.463  3117  3142 E AndroidRuntime: recursivelyTraversePassiveMountEffects@1:384313
04-04 06:22:36.463  3117  3142 E AndroidRuntime: commitPassiveMountOnFiber@1:384651
04-04 06:22:36.463  3117  3142 E AndroidRuntime: recursivelyTraversePassiveMountEffects@1:384313
04-04 06:22:36.463  3117  3142 E AndroidRuntime: commitPassiveMountOnFiber@1:384651
04-04 06:22:36.463  3117  3142 E AndroidRuntime: recursivelyTraversePassiveMountEffects@1:384313
04-04 06:22:36.463  3117  3142 E AndroidRuntime: commitPassiveMountOnFiber@1:384421
04-04 06:22:36.463  3117  3142 E AndroidRuntime: recursivelyTraversePassiveMountEffects@1:384313
04-04 06:22:36.463  3117  3142 E AndroidRuntime: commitPassiveMountOnFiber@1:384651
04-04 06:22:36.463  3117  3142 E AndroidRuntime: recursivelyTraversePassiveMountEffects@1:384313
04-04 06:22:36.463  3117  3142 E AndroidRuntime: commitPassiveMountOnFiber@1:384421
04-04 06:22:36.463  3117  3142 E AndroidRuntime: recursivelyTraversePassiveMountEffects@1:384313
04-04 06:22:36.463  3117  3142 E AndroidRuntime: commitPassiveMountOnFiber@1:384651
04-04 06:22:36.463  3117  3142 E AndroidRuntime: recursivelyTraversePassiveMountEffects@1:384313
04-04 06:22:36.463  3117  3142 E AndroidRuntime: commitPassiveMountOnFiber@1:384421
04-04 06:22:36.463  3117  3142 E AndroidRuntime: recursivelyTraversePassiveMountEffects@1:384313
04-04 06:22:36.463  3117  3142 E AndroidRuntime: commitPassiveMountOnFiber@1:384633
04-04 06:22:36.463  3117  3142 E AndroidRuntime: flushPassiveEffects@1:392113
04-04 06:22:36.463  3117  3142 E AndroidRuntime: anonymous@1:391938
04-04 06:22:36.463  3117  3142 E AndroidRuntime:
04-04 06:22:36.463  3117  3142 E AndroidRuntime:        at com.facebook.react.modules.core.ExceptionsManagerModule.reportException(ExceptionsManagerModule.kt:52)
04-04 06:22:36.463  3117  3142 E AndroidRuntime:        at java.lang.reflect.Method.invoke(Native Method)
04-04 06:22:36.463  3117  3142 E AndroidRuntime:        at com.facebook.react.bridge.JavaMethodWrapper.invoke(JavaMethodWrapper.java:372)        
04-04 06:22:36.463  3117  3142 E AndroidRuntime:        at com.facebook.react.bridge.JavaModuleWrapper.invoke(JavaModuleWrapper.java:146)        
04-04 06:22:36.463  3117  3142 E AndroidRuntime:        at com.facebook.jni.NativeRunnable.run(Native Method)
04-04 06:22:36.464  3117  3142 E AndroidRuntime:        at android.os.Handler.handleCallback(Handler.java:959)
04-04 06:22:36.464  3117  3142 E AndroidRuntime:        at android.os.Handler.dispatchMessage(Handler.java:100)
04-04 06:22:36.464  3117  3142 E AndroidRuntime:        at com.facebook.react.bridge.queue.MessageQueueThreadHandler.dispatchMessage(MessageQueueThreadHandler.java:27)
04-04 06:22:36.464  3117  3142 E AndroidRuntime:        at android.os.Looper.loopOnce(Looper.java:232)
04-04 06:22:36.464  3117  3142 E AndroidRuntime:        at android.os.Looper.loop(Looper.java:317)
04-04 06:22:36.464  3117  3142 E AndroidRuntime:        at com.facebook.react.bridge.queue.MessageQueueThreadImpl.lambda$startNewBackgroundThread$2(MessageQueueThreadImpl.java:217)
04-04 06:22:36.464  3117  3142 E AndroidRuntime:        at com.facebook.react.bridge.queue.MessageQueueThreadImpl$$ExternalSyntheticLambda1.run(D8$$SyntheticClass:0)
04-04 06:22:36.464  3117  3142 E AndroidRuntime:        at java.lang.Thread.run(Thread.java:1012)
04-04 06:22:36.479   673  2874 W ActivityTaskManager:   Force finishing activity com.laurin.tarot/.MainActivity
04-04 06:22:36.489  1074  1135 V WindowManagerShell: Transition requested (#28): android.os.BinderProxy@a718e87 TransitionRequestInfo { type = CLOSE, triggerTask = null, pipTask = null, remoteTransition = null, displayChange = null, flags = 16, debugId = 28 }
04-04 06:22:36.498  3117  3141 E ReactNativeJS: 'Error preloading critical assets:', { [Error: Cannot load null or undefined font source: { "Montserrat": undefined }. Expected asset of type `FontSource` for fontFamily of name: "Montserrat"] code: 'ERR_FONT_SOURCE' }
04-04 06:22:36.525  1495  1495 D VRI[QuickstepLauncher]: visibilityChanged oldVisibility=false newVisibility=true
04-04 06:22:36.531  1074  1135 W Looper  : Slow dispatch took 42ms wmshell.main h=android.os.Handler c=com.android.wm.shell.transition.Transitions$TransitionPlayerImpl$$ExternalSyntheticLambda1@f3101b4 m=0
04-04 06:22:36.533   673   727 I ActivityManager: Showing crash dialog for package com.laurin.tarot u0
04-04 06:22:36.548   432   432 I BpBinder: onLastStrongRef automatically unlinking death recipients:
04-04 06:22:36.596  1495  1495 D BaseDepthController: mSurface is not valid
04-04 06:22:36.654  1495  1495 D BaseDepthController: setSurface:
04-04 06:22:36.654  1495  1495 D BaseDepthController:   mWaitingOnSurfaceValidity: true
04-04 06:22:36.654  1495  1495 D BaseDepthController:   mSurface: Surface(name=com.android.launcher3/com.android.launcher3.uioverrides.QuickstepLauncher)/@0x83b1780
04-04 06:22:36.683  1074  1135 W Looper  : Slow delivery took 46ms wmshell.main h=android.os.Handler c=com.android.wm.shell.common.DisplayInsetsController$PerDisplay$DisplayWindowInsetsControllerImpl$$ExternalSyntheticLambda3@b9ac1dd m=0
04-04 06:22:36.918   673   727 W Looper  : Slow dispatch took 373ms android.ui h=com.android.server.am.ActivityManagerService$UiHandler c=com.android.server.am.ErrorDialogController$$ExternalSyntheticLambda5@3120915 m=0
04-04 06:22:36.919   673   727 W Looper  : Slow delivery took 301ms android.ui h=com.android.server.wm.DisplayPolicy$PolicyHandler c=com.android.server.wm.DisplayPolicy$$ExternalSyntheticLambda12@8b0742a m=0
04-04 06:22:36.937   673   727 D CoreBackPreview: Window{c0bcb5d u0 Application Error: com.laurin.tarot}: Setting back callback OnBackInvokedCallbackInfo{mCallback=android.window.WindowOnBackInvokedDispatcher$OnBackInvokedCallbackWrapper@b0ffb8, mPriority=0, mIsAnimationCallback=false}    
04-04 06:22:36.988   673   729 W ActivityTaskManager: Activity top resumed state loss timeout for ActivityRecord{77ce357 u0 com.laurin.tarot/.MainActivity t26 f}}
04-04 06:22:37.009  1495  1495 I TopTaskTracker: onTaskMovedToFront: (moved taskInfo to front) taskId=16, baseIntent=Intent { act=android.intent.action.MAIN cat=[android.intent.category.HOME] flg=0x10000100 cmp=com.android.launcher3/.uioverrides.QuickstepLauncher }
04-04 06:22:37.034   673   729 W ActivityTaskManager: Activity pause timeout for ActivityRecord{77ce357 u0 com.laurin.tarot/.MainActivity t26 f}}
04-04 06:22:37.080  1495  1495 D StatsLog: LAUNCHER_ONRESUME
04-04 06:22:37.092  1074  1135 W Looper  : Drained
04-04 06:22:37.102  1074  1769 V WindowManagerShell: onTransitionReady(transaction=2890512991503)
04-04 06:22:37.103  1074  1135 V WindowManagerShell: onTransitionReady (#28) android.os.BinderProxy@a718e87: {id=28 t=CLOSE f=0x10 trk=0 r=[0@Point(0, 0)] c=[{WCT{android.window.IWindowContainerToken$Stub$Proxy@30df09e} m=TO_FRONT f=SHOW_WALLPAPER|MOVE_TO_TOP leash=Surface(name=Task=1)/@0x5e41152 sb=Rect(0, 0 - 1080, 2340) eb=Rect(0, 0 - 1080, 2340) d=0 taskParent=-1},{WCT{android.window.IWindowContainerToken$Stub$Proxy@473c77f} m=CLOSE f=NONE leash=Surface(name=Task=26)/@0x6ce8c23 sb=Rect(0, 0 - 1080, 2340) eb=Rect(0, 0 - 1080, 2340) d=0 taskParent=-1},{null m=TO_FRONT f=IS_WALLPAPER leash=Surface(name=WallpaperWindowToken{3f8e7f4 token=android.os.Binder@1ec25c7})/@0xab68520 sb=Rect(0, 0 - 1080, 2340) eb=Rect(0, 0 - 1080, 2340) d=0}]}
04-04 06:22:37.104  1074  1135 V WindowManagerShell: Playing animation for (#28) android.os.BinderProxy@a718e87@0
04-04 06:22:37.104  1074  1135 V WindowManagerShell:  try handler com.android.wm.shell.transition.DefaultMixedHandler@faf8f8c
04-04 06:22:37.109  1074  1135 V WindowManagerShell:  try handler com.android.wm.shell.keyguard.KeyguardTransitionHandler@dc4f6d5
04-04 06:22:37.110  1074  1135 V WindowManagerShell:  try handler com.android.wm.shell.pip.PipTransition@dd02eea
04-04 06:22:37.111  1074  1135 V WindowManagerShell:  try handler com.android.wm.shell.activityembedding.ActivityEmbeddingController@2eb75db     
04-04 06:22:37.121  1074  1135 V WindowManagerShell:  try handler com.android.wm.shell.recents.RecentsTransitionHandler@e8c1878
04-04 06:22:37.122  1074  1135 V ShellRecents: RecentsTransitionHandler.startAnimation: no controller found
04-04 06:22:37.122  1074  1135 V WindowManagerShell:  try handler com.android.wm.shell.splitscreen.StageCoordinator@dfa4fb6
04-04 06:22:37.127  1074  1135 V WindowManagerShell:  try handler com.android.wm.shell.transition.RemoteTransitionHandler@4a194b7
04-04 06:22:37.128  1074  1135 V WindowManagerShell: Transition doesn't have explicit remote, search filters for match for {id=28 t=CLOSE f=0x10 trk=0 r=[0@Point(0, 0)] c=[{WCT{android.window.IWindowContainerToken$Stub$Proxy@30df09e} m=TO_FRONT f=SHOW_WALLPAPER|MOVE_TO_TOP leash=Surface(name=Task=1)/@0x5e41152 sb=Rect(0, 0 - 1080, 2340) eb=Rect(0, 0 - 1080, 2340) d=0 taskParent=-1},{WCT{android.window.IWindowContainerToken$Stub$Proxy@473c77f} m=CLOSE f=NONE leash=Surface(name=Task=26)/@0x6ce8c23 sb=Rect(0, 0 - 1080, 2340) eb=Rect(0, 0 - 1080, 2340) d=0 taskParent=-1},{null m=TO_FRONT f=IS_WALLPAPER leash=Surface(name=WallpaperWindowToken{3f8e7f4 token=android.os.Binder@1ec25c7})/@0xab68520 sb=Rect(0, 0 - 1080, 2340) eb=Rect(0, 0 - 1080, 2340) d=0}]}
04-04 06:22:37.129  1074  1135 V WindowManagerShell:  Checking filter Pair{{types=[] flags=0x0] notFlags=0x100 checks=[{atype=home independent=true modes=[OPEN,TO_FRONT] flags=NONE mustBeTask=false order=TOP topActivity=ComponentInfo{com.android.launcher3/com.android.launcher3.uioverrides.QuickstepLauncher} launchCookie=null},{atype=standard independent=true modes=[CLOSE,TO_BACK] flags=NONE mustBeTask=false order=ANY topActivity=null launchCookie=null}]} RemoteTransition { remoteTransition = android.window.IRemoteTransition$Stub$Proxy@2ba06c9, appThread = android.app.IApplicationThread$Stub$Proxy@fbc51ce, debugName = QuickstepLaunchHome }}
04-04 06:22:37.130  1074  1135 D RemoteTransitionHandler: Found filterPair{{types=[] flags=0x0] notFlags=0x100 checks=[{atype=home independent=true modes=[OPEN,TO_FRONT] flags=NONE mustBeTask=false order=TOP topActivity=ComponentInfo{com.android.launcher3/com.android.launcher3.uioverrides.QuickstepLauncher} launchCookie=null},{atype=standard independent=true modes=[CLOSE,TO_BACK] flags=NONE mustBeTask=false order=ANY topActivity=null launchCookie=null}]} RemoteTransition { remoteTransition = android.window.IRemoteTransition$Stub$Proxy@2ba06c9, appThread = android.app.IApplicationThread$Stub$Proxy@fbc51ce, debugName = QuickstepLaunchHome }}
04-04 06:22:37.130  1074  1135 V WindowManagerShell:  Delegate animation for (#28) to RemoteTransition { remoteTransition = android.window.IRemoteTransition$Stub$Proxy@2ba06c9, appThread = android.app.IApplicationThread$Stub$Proxy@fbc51ce, debugName = QuickstepLaunchHome }
04-04 06:22:37.195  1495  2547 E FrameEvents: addRelease: Did not find frame.
04-04 06:22:37.179     0     0 I logd    : logdr: UID=2000 GID=2000 PID=3154 b tail=0 logMask=99 pid=0 start=0ns deadline=0ns
04-04 06:22:37.300  3117  3136 W om.laurin.tarot: Long monitor contention with owner mqt_js (3141) at android.os.Message android.os.MessageQueue.next()(MessageQueue.java:384) waiters=0 in boolean android.os.MessageQueue.enqueueMessage(android.os.Message, long) for 174ms
04-04 06:22:37.530  3117  3149 E SurfaceSyncGroup: Failed to receive transaction ready in 1000ms. Marking SurfaceSyncGroup(wmsSync-VRI[MainActivity]#0) as ready
04-04 06:22:37.615  3117  3149 E SurfaceSyncGroup: Failed to receive transaction ready in 1000ms. Marking SurfaceSyncGroup(VRI[MainActivity]#1) as ready
04-04 06:22:37.698  1495  1495 I Choreographer: Skipped 30 frames!  The application may be doing too much work on its main thread.
04-04 06:22:37.857   673   725 V WindowManager: Sent Transition (#28) createdAt=04-04 06:22:36.480 via request=TransitionRequestInfo { type = CLOSE, triggerTask = null, pipTask = null, remoteTransition = null, displayChange = null, flags = 16, debugId = 28 }
04-04 06:22:37.859   673   725 V WindowManager:     startWCT=WindowContainerTransaction { changes = {} hops = [] errorCallbackToken=null taskFragmentOrganizer=null }
04-04 06:22:37.862   673   725 V WindowManager:     info={id=28 t=CLOSE f=0x10 trk=0 r=[0@Point(0, 0)] c=[
04-04 06:22:37.862   673   725 V WindowManager:         {WCT{RemoteToken{be78f4a Task{eeeda93 #1 type=home}}} m=TO_FRONT f=SHOW_WALLPAPER|MOVE_TO_TOP leash=Surface(name=Task=1)/@0xeb173f2 sb=Rect(0, 0 - 1080, 2340) eb=Rect(0, 0 - 1080, 2340) d=0 taskParent=-1},
04-04 06:22:37.862   673   725 V WindowManager:         {WCT{RemoteToken{8b1f861 Task{9bb7e44 #26 type=standard A=10148:com.laurin.tarot}}} m=CLOSE f=NONE leash=Surface(name=Task=26)/@0x4ae12e5 sb=Rect(0, 0 - 1080, 2340) eb=Rect(0, 0 - 1080, 2340) d=0 taskParent=-1},
04-04 06:22:37.862   673   725 V WindowManager:         {null m=TO_FRONT f=IS_WALLPAPER leash=Surface(name=WallpaperWindowToken{3f8e7f4 token=android.os.Binder@1ec25c7})/@0xd2eceba sb=Rect(0, 0 - 1080, 2340) eb=Rect(0, 0 - 1080, 2340) d=0}
04-04 06:22:37.862   673   725 V WindowManager:     ]}
04-04 06:22:37.866  3117  3117 I Choreographer: Skipped 84 frames!  The application may be doing too much work on its main thread.
04-04 06:22:37.892   673  1209 W system_server: Long monitor contention with owner android.display (729) at void com.android.server.wm.ActivityRecord$1.run()(ActivityRecord.java:1053) waiters=0 in void com.android.server.wm.WindowManagerService.finishDrawingWindow(com.android.server.wm.Session, android.view.IWindow, android.view.SurfaceControl$Transaction, int) for 822ms
04-04 06:22:37.894   432   432 E SurfaceFlinger: Out of order buffers detected for RequestedLayerState{com.android.launcher3/com.android.launcher3.uioverrides.QuickstepLauncher#179 parentId=109} producedId=15 frameNumber=23 -> producedId=15 frameNumber=2
04-04 06:22:37.894   432   432 D SurfaceFlinger: TransactionTraceWriter: file=/data/misc/wmtrace/out_of_order_buffers_transactions_trace.winscope already exists
04-04 06:22:37.923  1495  1818 D EGL_emulation: app_time_stats: avg=670.45ms min=101.37ms max=3335.69ms count=6
04-04 06:22:37.939  3117  3127 I HWUI    : Davey! duration=1259ms; Flags=1, FrameTimelineVsyncId=52772, IntendedVsync=817442118704, Vsync=817442118704, InputEventId=0, HandleInputStart=817444133100, AnimationStart=817444178700, PerformTraversalsStart=817451122800, DrawStart=817454867300, FrameDeadline=817458785370, FrameInterval=817444113900, FrameStartTime=16666666, SyncQueued=817457981900, SyncStart=817458786700, IssueDrawCommandsStart=817460644900, SwapBuffers=817970792800, FrameCompleted=818702922000, DequeueBufferDuration=148900, QueueBufferDuration=916700, GpuCompleted=818702922000, SwapBuffersCompleted=818614714800, DisplayPresentTime=16960825855817, CommandSubmissionCompleted=817970792800,
04-04 06:22:37.956   673  1449 W system_server: Long monitor contention with owner android.display (729) at void com.android.server.wm.ActivityRecord$1.run()(ActivityRecord.java:1053) waiters=2 in void com.android.server.wm.ActivityClientController.activityResumed(android.os.IBinder, boolean) for 780ms
04-04 06:22:37.979   673  1494 E SurfaceSyncGroup: Failed to receive transaction ready in 1000ms. Marking SurfaceSyncGroup(wmsSync-VRI[tarot]#6) as ready
04-04 06:22:37.990  1074  1135 V WindowManagerShell:  animated by com.android.wm.shell.transition.RemoteTransitionHandler@4a194b7
04-04 06:22:37.991  1074  1135 W Looper  : Slow dispatch took 888ms wmshell.main h=android.os.Handler c=com.android.wm.shell.transition.Transitions$TransitionPlayerImpl$$ExternalSyntheticLambda0@9b94f95 m=0
04-04 06:22:37.991  1074  1135 V WindowManagerShell: Transition animation finished (aborted=false), notifying core (#28) android.os.BinderProxy@a718e87@0
04-04 06:22:38.013   673  1494 E SurfaceSyncGroup: Failed to receive transaction ready in 1000ms. Marking SurfaceSyncGroup(VRI[tarot]#7) as ready
04-04 06:22:38.034  1074  1074 W ndroid.systemui: Long monitor contention with owner SysUiBg (1186) at boolean android.os.MessageQueue.enqueueMessage(android.os.Message, long)(MessageQueue.java:695) waiters=0 in android.os.Message android.os.MessageQueue.next() for 192ms
04-04 06:22:38.041   673   725 V WindowManager: Finish Transition (#28): created at 04-04 06:22:36.480 collect-started=1.031ms request-sent=1.224ms started=48.889ms ready=581.776ms sent=614.894ms finished=1555.215ms
04-04 06:22:38.170  1074  1135 V WindowManagerShell: Track 0 became idle
04-04 06:22:38.171  1074  1135 V WindowManagerShell: All active transition animations finished
04-04 06:22:38.171  1074  1135 W Looper  : Slow delivery took 141ms wmshell.main h=android.os.Handler c=com.android.wm.shell.transition.RemoteTransitionHandler$1$$ExternalSyntheticLambda0@1075c9b m=0
04-04 06:22:38.172  1074  1135 W Looper  : Slow dispatch took 180ms wmshell.main h=android.os.Handler c=com.android.wm.shell.transition.RemoteTransitionHandler$1$$ExternalSyntheticLambda0@1075c9b m=0
04-04 06:22:38.178  1074  1135 W Looper  : Drained
04-04 06:22:38.265  3117  3117 D VRI[MainActivity]: visibilityChanged oldVisibility=true newVisibility=false
04-04 06:22:38.319  1074  1135 W Looper  : Slow dispatch took 98ms wmshell.main h=android.os.Handler c=com.android.wm.shell.common.ShellExecutor$$ExternalSyntheticLambda0@dac5011 m=0
04-04 06:22:38.386  1495  1495 I Choreographer: Skipped 34 frames!  The application may be doing too much work on its main thread.
04-04 06:22:38.622  1495  1818 D EGL_emulation: app_time_stats: avg=811.28ms min=616.08ms max=1006.48ms count=2
04-04 06:22:38.650  3117  3117 E unknown:ReactNative: Tried to remove non-existent frame callback
04-04 06:22:38.664  3117  3117 W WindowOnBackDispatcher: sendCancelIfRunning: isInProgress=false callback=android.view.ViewRootImpl$$ExternalSyntheticLambda11@2ca7a8d
04-04 06:22:38.665   673  1132 D CoreBackPreview: Window{7ddd1d3 u0 com.laurin.tarot/com.laurin.tarot.MainActivity}: Setting back callback null  
04-04 06:22:38.686   432   432 E SurfaceFlinger: Out of order buffers detected for RequestedLayerState{com.android.launcher3/com.android.launcher3.uioverrides.QuickstepLauncher#179 parentId=109} producedId=15 frameNumber=23 -> producedId=15 frameNumber=3
04-04 06:22:38.687   432   432 D SurfaceFlinger: TransactionTraceWriter: file=/data/misc/wmtrace/out_of_order_buffers_transactions_trace.winscope already exists
04-04 06:22:38.778   673  1249 W InputManager-JNI: Input channel object '7ddd1d3 com.laurin.tarot/com.laurin.tarot.MainActivity (client)' was disposed without first being removed with the input manager!
04-04 06:22:38.839   673  1449 W InputManager-JNI: Input channel object 'd143ab0 Splash Screen com.laurin.tarot (client)' was disposed without first being removed with the input manager!
04-04 06:22:38.887  3117  3117 I Choreographer: Skipped 31 frames!  The application may be doing too much work on its main thread.
04-04 06:22:38.938   370   427 I netd    : tetherGetStats() -> {[]} <176.53ms>
04-04 06:22:38.939   673  1132 D ConnectivityService: requestNetwork for uid/pid:10148/3117 activeRequest: null callbackRequest: 90 [NetworkRequest [ REQUEST id=91, [ Capabilities: INTERNET&NOT_RESTRICTED&TRUSTED&NOT_VCN_MANAGED&NOT_BANDWIDTH_CONSTRAINED Uid: 10148 RequestorUid: 10148 RequestorPkg: com.laurin.tarot UnderlyingNetworks: Null] ]] callback flags: 0 order: 2147483647 isUidTracked: false
04-04 06:22:38.969   673   949 D OemPaidWifiNetworkFactory: got request NetworkRequest [ REQUEST id=91, [ Capabilities: INTERNET&NOT_RESTRICTED&TRUSTED&NOT_VCN_MANAGED&NOT_BANDWIDTH_CONSTRAINED Uid: 10148 RequestorUid: 10148 RequestorPkg: com.laurin.tarot UnderlyingNetworks: Null] ]       
04-04 06:22:38.973   673   960 D ConnectivityService: NetReassign [91 : null → 101] [c 1] [a 1] [i 31]
04-04 06:22:38.976  1074  1135 W Looper  : Slow delivery took 87ms wmshell.main h=android.os.Handler c=android.window.TaskOrganizer$1$$ExternalSyntheticLambda5@4752777 m=0
04-04 06:22:39.012   432   432 E SurfaceFlinger: Out of order buffers detected for RequestedLayerState{com.android.launcher3/com.android.launcher3.uioverrides.QuickstepLauncher#179 parentId=109} producedId=15 frameNumber=23 -> producedId=15 frameNumber=4
04-04 06:22:39.014   432   432 D SurfaceFlinger: TransactionTraceWriter: file=/data/misc/wmtrace/out_of_order_buffers_transactions_trace.winscope already exists
04-04 06:22:39.092   673   730 W system_server: Long monitor contention with owner binder:673_C (1449) at void com.android.server.wm.ActivityClientController.activityDestroyed(android.os.IBinder)(ActivityClientController.java:303) waiters=0 in void com.android.server.wm.InputMonitor$UpdateInputWindows.run() for 244ms
04-04 06:22:39.238  1495  1505 I HWUI    : Davey! duration=1032ms; Flags=0, FrameTimelineVsyncId=52900, IntendedVsync=818158785342, Vsync=818658785322, InputEventId=0, HandleInputStart=818793969500, AnimationStart=818794085700, PerformTraversalsStart=818800948800, DrawStart=818928323100, FrameDeadline=818642118656, FrameInterval=818666663500, FrameStartTime=16666666, SyncQueued=818928536600, SyncStart=819385325700, IssueDrawCommandsStart=819387565200, SwapBuffers=819523941300, FrameCompleted=819647961600, DequeueBufferDuration=82000, QueueBufferDuration=22040000, GpuCompleted=819647961600, SwapBuffersCompleted=819623837900, DisplayPresentTime=0, CommandSubmissionCompleted=819523941300,
04-04 06:22:39.241  1495  1495 W FrameTracker: Missed App frame:UNKNOWN: 74, 52900, 1465052558, CUJ=J<LAUNCHER_APP_CLOSE_TO_HOME>
04-04 06:22:39.243  1495  1495 W FrameTracker: Missed SF frame:UNKNOWN: 74, 52900, 1465052558, CUJ=J<LAUNCHER_APP_CLOSE_TO_HOME>
04-04 06:22:39.306  3117  3159 W om.laurin.tarot: Long monitor contention with owner DefaultDispatcher-worker-1 (3137) at void com.bumptech.glide.RequestManager.track(com.bumptech.glide.request.target.Target, com.bumptech.glide.request.Request)(RequestManager.java:689) waiters=1 in com.bumptech.glide.request.RequestOptions com.bumptech.glide.RequestManager.getDefaultRequestOptions() for 264ms
04-04 06:22:39.325   673  1449 W WindowManager: Failed looking up window session=Session{95bcfd7 1074:u0a10122} callers=com.android.server.wm.WindowManagerService.windowForClientLocked:6311 com.android.server.wm.WindowManagerService.relayoutWindowInner:2328 com.android.server.wm.WindowManagerService.relayoutWindow:2293
04-04 06:22:39.339   673   949 D MultiInternetWifiNetworkFactory: got request NetworkRequest [ REQUEST id=91, [ Capabilities: INTERNET&NOT_RESTRICTED&TRUSTED&NOT_VCN_MANAGED&NOT_BANDWIDTH_CONSTRAINED Uid: 10148 RequestorUid: 10148 RequestorPkg: com.laurin.tarot UnderlyingNetworks: Null] ] 
04-04 06:22:39.415  1495  1505 I HWUI    : Davey! duration=1263ms; Flags=0, FrameTimelineVsyncId=52916, IntendedVsync=818808785316, Vsync=819375451960, InputEventId=0, HandleInputStart=819451595500, AnimationStart=819451680500, PerformTraversalsStart=819456385900, DrawStart=819456816700, FrameDeadline=819692118614, FrameInterval=819386410500, FrameStartTime=16666666, SyncQueued=819458424700, SyncStart=819624414400, IssueDrawCommandsStart=819629972800, SwapBuffers=819634916800, FrameCompleted=820238462100, DequeueBufferDuration=444418800, QueueBufferDuration=286500, GpuCompleted=819793708600, SwapBuffersCompleted=820238462100, DisplayPresentTime=0, CommandSubmissionCompleted=819634916800,
04-04 06:22:39.416  1495  1523 V PerfettoTrigger: Not triggering com.android.telemetry.interaction-jank-monitor-9 - not enough time since last trigger
04-04 06:22:39.463   673   949 D WifiNetworkFactory: got request NetworkRequest [ REQUEST id=91, [ Capabilities: INTERNET&NOT_RESTRICTED&TRUSTED&NOT_VCN_MANAGED&NOT_BANDWIDTH_CONSTRAINED Uid: 10148 RequestorUid: 10148 RequestorPkg: com.laurin.tarot UnderlyingNetworks: Null] ]
04-04 06:22:39.465   673   949 D UntrustedWifiNetworkFactory: got request NetworkRequest [ REQUEST id=91, [ Capabilities: INTERNET&NOT_RESTRICTED&TRUSTED&NOT_VCN_MANAGED&NOT_BANDWIDTH_CONSTRAINED Uid: 10148 RequestorUid: 10148 RequestorPkg: com.laurin.tarot UnderlyingNetworks: Null] ]     
04-04 06:22:39.508  1495  1495 I TopTaskTracker: onTaskRemoved: taskId=26
04-04 06:22:39.509  1495  1495 I TopTaskTracker: onTaskRemoved: taskId=26
04-04 06:22:39.521   673  1249 W ActivityTaskManager: takeTaskSnapshot: taskId=26 not found or not visible
04-04 06:22:39.578  1074  1165 W WindowOnBackDispatcher: sendCancelIfRunning: isInProgress=false callback=android.view.ViewRootImpl$$ExternalSyntheticLambda11@ff0e4bb
04-04 06:22:39.579   673  1449 W WindowManager: Failed looking up window session=Session{95bcfd7 1074:u0a10122} callers=com.android.server.wm.WindowManagerService.windowForClientLocked:6311 com.android.server.wm.Session.setOnBackInvokedCallbackInfo:1020 android.view.IWindowSession$Stub.onTransact:1199
04-04 06:22:39.579   673  1449 I WindowManager: setOnBackInvokedCallback(): No window state for package:com.android.systemui
04-04 06:22:39.615   673  1249 W WindowManager: Failed looking up window session=Session{95bcfd7 1074:u0a10122} callers=com.android.server.wm.WindowManagerService.removeClientToken:2058 com.android.server.wm.Session.remove:274 android.view.IWindowSession$Stub.onTransact:685
04-04 06:22:39.679  1074  1165 W FrameTracker: Missed App frame:UNKNOWN: 10, 52947, 0, CUJ=J<SPLASHSCREEN_EXIT_ANIM>
04-04 06:22:39.711  1074  1165 W FrameTracker: Missed SF frame:UNKNOWN: 10, 52947, 0, CUJ=J<SPLASHSCREEN_EXIT_ANIM>
04-04 06:22:39.712  1074  1165 W FrameTracker: Missing HWUI jank callback for vsyncId: 52947, CUJ=J<SPLASHSCREEN_EXIT_ANIM>
04-04 06:22:39.734  1074  1165 W FrameTracker: Missed App frame:UNKNOWN: 74, 52954, 696635134, CUJ=J<SPLASHSCREEN_EXIT_ANIM>
04-04 06:22:39.734  1074  1165 W FrameTracker: Missed SF frame:UNKNOWN: 74, 52954, 696635134, CUJ=J<SPLASHSCREEN_EXIT_ANIM>
04-04 06:22:39.734  1074  1165 W FrameTracker: Missed App frame:UNKNOWN: 74, 52975, 0, CUJ=J<SPLASHSCREEN_EXIT_ANIM>
04-04 06:22:39.735  1074  1165 W FrameTracker: Missed SF frame:UNKNOWN: 74, 52975, 0, CUJ=J<SPLASHSCREEN_EXIT_ANIM>
04-04 06:22:39.735  1074  1165 W FrameTracker: Missing HWUI jank callback for vsyncId: 52975, CUJ=J<SPLASHSCREEN_EXIT_ANIM>
04-04 06:22:39.748  1074  1144 V PerfettoTrigger: Triggering /system/bin/trigger_perfetto com.android.telemetry.interaction-jank-monitor-39      
04-04 06:22:40.195  3117  3141 I ReactNativeJNI: Memory warning (pressure level: TRIM_MEMORY_BACKGROUND) received by JS VM, running a GC
04-04 06:22:40.226  3117  3141 E ReactNativeJS: 'Failed to optimize image:', { [Error: Call to function 'Context.renderAsync' has been rejected. 
04-04 06:22:40.226  3117  3141 E ReactNativeJS: → Caused by: Could not load the image: assets_images_tarot_cards_the_magician
04-04 06:22:40.226  3117  3141 E ReactNativeJS: → Caused by: java.lang.Exception: Loading bitmap failed] code: 'ERR_UNEXPECTED' }
04-04 06:22:40.233  3117  3141 E ReactNativeJS: 'Failed to optimize image:', { [Error: Call to function 'Context.renderAsync' has been rejected. 
04-04 06:22:40.233  3117  3141 E ReactNativeJS: → Caused by: Could not load the image: assets_images_tarot_cards_king_of_cups
04-04 06:22:40.233  3117  3141 E ReactNativeJS: → Caused by: java.lang.Exception: Loading bitmap failed] code: 'ERR_UNEXPECTED' }
04-04 06:22:40.242  3117  3141 E ReactNativeJS: 'Failed to optimize image:', { [Error: Call to function 'Context.renderAsync' has been rejected. 
04-04 06:22:40.242  3117  3141 E ReactNativeJS: → Caused by: Could not load the image: assets_images_tarot_cards_the_empress
04-04 06:22:40.242  3117  3141 E ReactNativeJS: → Caused by: java.lang.Exception: Loading bitmap failed] code: 'ERR_UNEXPECTED' }
04-04 06:22:40.254  3117  3141 E ReactNativeJS: 'Failed to optimize image:', { [Error: Call to function 'Context.renderAsync' has been rejected. 
04-04 06:22:40.254  3117  3141 E ReactNativeJS: → Caused by: Could not load the image: assets_images_tarot_cards_page_of_cups
04-04 06:22:40.254  3117  3141 E ReactNativeJS: → Caused by: java.lang.Exception: Loading bitmap failed] code: 'ERR_UNEXPECTED' }
04-04 06:22:40.261  3117  3141 E ReactNativeJS: 'Failed to optimize image:', { [Error: Call to function 'Context.renderAsync' has been rejected. 
04-04 06:22:40.261  3117  3141 E ReactNativeJS: → Caused by: Could not load the image: assets_images_tarot_cards_two_cups
04-04 06:22:40.261  3117  3141 E ReactNativeJS: → Caused by: java.lang.Exception: Loading bitmap failed] code: 'ERR_UNEXPECTED' }
04-04 06:22:40.271  3117  3141 E ReactNativeJS: 'Failed to optimize image:', { [Error: Call to function 'Context.renderAsync' has been rejected. 
04-04 06:22:40.271  3117  3141 E ReactNativeJS: → Caused by: Could not load the image: assets_images_tarot_cards_queen_of_cups
04-04 06:22:40.271  3117  3141 E ReactNativeJS: → Caused by: java.lang.Exception: Loading bitmap failed] code: 'ERR_UNEXPECTED' }
04-04 06:22:40.288  3117  3141 E ReactNativeJS: 'Failed to optimize image:', { [Error: Call to function 'Context.renderAsync' has been rejected. 
04-04 06:22:40.288  3117  3141 E ReactNativeJS: → Caused by: Could not load the image: assets_images_tarot_cards_three_cups
04-04 06:22:40.288  3117  3141 E ReactNativeJS: → Caused by: java.lang.Exception: Loading bitmap failed] code: 'ERR_UNEXPECTED' }
04-04 06:22:40.290  3117  3141 E ReactNativeJS: 'Failed to optimize image:', { [Error: Call to function 'Context.renderAsync' has been rejected. 
04-04 06:22:40.290  3117  3141 E ReactNativeJS: → Caused by: Could not load the image: assets_images_tarot_cards_the_fool
04-04 06:22:40.290  3117  3141 E ReactNativeJS: → Caused by: java.lang.Exception: Loading bitmap failed] code: 'ERR_UNEXPECTED' }
04-04 06:22:40.302  3117  3141 E ReactNativeJS: 'Failed to optimize image:', { [Error: Call to function 'Context.renderAsync' has been rejected. 
04-04 06:22:40.302  3117  3141 E ReactNativeJS: → Caused by: Could not load the image: assets_images_tarot_cards_page_of_pentacles
04-04 06:22:40.302  3117  3141 E ReactNativeJS: → Caused by: java.lang.Exception: Loading bitmap failed] code: 'ERR_UNEXPECTED' }
04-04 06:22:40.307  3117  3141 E ReactNativeJS: 'Failed to optimize image:', { [Error: Call to function 'Context.renderAsync' has been rejected. 
04-04 06:22:40.307  3117  3141 E ReactNativeJS: → Caused by: Could not load the image: assets_images_tarot_cards_five_cups
04-04 06:22:40.307  3117  3141 E ReactNativeJS: → Caused by: java.lang.Exception: Loading bitmap failed] code: 'ERR_UNEXPECTED' }
04-04 06:22:40.319  3117  3141 E ReactNativeJS: 'Failed to optimize image:', { [Error: Call to function 'Context.renderAsync' has been rejected. 
04-04 06:22:40.319  3117  3141 E ReactNativeJS: → Caused by: Could not load the image: assets_images_tarot_cards_four_cups
04-04 06:22:40.319  3117  3141 E ReactNativeJS: → Caused by: java.lang.Exception: Loading bitmap failed] code: 'ERR_UNEXPECTED' }
04-04 06:22:40.328  3117  3141 E ReactNativeJS: 'Failed to optimize image:', { [Error: Call to function 'Context.renderAsync' has been rejected. 
04-04 06:22:40.328  3117  3141 E ReactNativeJS: → Caused by: Could not load the image: assets_images_tarot_cards_high_priestess
04-04 06:22:40.328  3117  3141 E ReactNativeJS: → Caused by: java.lang.Exception: Loading bitmap failed] code: 'ERR_UNEXPECTED' }
04-04 06:22:40.339  3117  3141 E ReactNativeJS: 'Failed to optimize image:', { [Error: Call to function 'Context.renderAsync' has been rejected. 
04-04 06:22:40.339  3117  3141 E ReactNativeJS: → Caused by: Could not load the image: assets_images_tarot_cards_seven_cups
04-04 06:22:40.339  3117  3141 E ReactNativeJS: → Caused by: java.lang.Exception: Loading bitmap failed] code: 'ERR_UNEXPECTED' }
04-04 06:22:40.348  3117  3141 E ReactNativeJS: 'Failed to optimize image:', { [Error: Call to function 'Context.renderAsync' has been rejected. 
04-04 06:22:40.348  3117  3141 E ReactNativeJS: → Caused by: Could not load the image: assets_images_tarot_cards_nine_cups
04-04 06:22:40.348  3117  3141 E ReactNativeJS: → Caused by: java.lang.Exception: Loading bitmap failed] code: 'ERR_UNEXPECTED' }
04-04 06:22:40.370  3117  3141 E ReactNativeJS: 'Failed to optimize image:', { [Error: Call to function 'Context.renderAsync' has been rejected. 
04-04 06:22:40.370  3117  3141 E ReactNativeJS: → Caused by: Could not load the image: assets_images_tarot_cards_three_pents
04-04 06:22:40.370  3117  3141 E ReactNativeJS: → Caused by: java.lang.Exception: Loading bitmap failed] code: 'ERR_UNEXPECTED' }
04-04 06:22:40.374  3117  3141 E ReactNativeJS: 'Failed to optimize image:', { [Error: Call to function 'Context.renderAsync' has been rejected. 
04-04 06:22:40.374  3117  3141 E ReactNativeJS: → Caused by: Could not load the image: assets_images_tarot_cards_four_pents
04-04 06:22:40.374  3117  3141 E ReactNativeJS: → Caused by: java.lang.Exception: Loading bitmap failed] code: 'ERR_UNEXPECTED' }
04-04 06:22:40.384  3117  3141 E ReactNativeJS: 'Failed to optimize image:', { [Error: Call to function 'Context.renderAsync' has been rejected. 
04-04 06:22:40.384  3117  3141 E ReactNativeJS: → Caused by: Could not load the image: assets_images_tarot_cards_eight_cups
04-04 06:22:40.384  3117  3141 E ReactNativeJS: → Caused by: java.lang.Exception: Loading bitmap failed] code: 'ERR_UNEXPECTED' }
04-04 06:22:40.405  3117  3141 E ReactNativeJS: 'Failed to optimize image:', { [Error: Call to function 'Context.renderAsync' has been rejected. 
04-04 06:22:40.405  3117  3141 E ReactNativeJS: → Caused by: Could not load the image: assets_images_tarot_cards_six_cups
04-04 06:22:40.405  3117  3141 E ReactNativeJS: → Caused by: java.lang.Exception: Loading bitmap failed] code: 'ERR_UNEXPECTED' }
04-04 06:22:40.411  3117  3141 E ReactNativeJS: 'Failed to optimize image:', { [Error: Call to function 'Context.renderAsync' has been rejected. 
04-04 06:22:40.411  3117  3141 E ReactNativeJS: → Caused by: Could not load the image: assets_images_tarot_cards_knight_of_cups
04-04 06:22:40.411  3117  3141 E ReactNativeJS: → Caused by: java.lang.Exception: Loading bitmap failed] code: 'ERR_UNEXPECTED' }
04-04 06:22:40.421  3117  3141 E ReactNativeJS: 'Failed to optimize image:', { [Error: Call to function 'Context.renderAsync' has been rejected. 
04-04 06:22:40.421  3117  3141 E ReactNativeJS: → Caused by: Could not load the image: assets_images_tarot_cards_six_pents
04-04 06:22:40.421  3117  3141 E ReactNativeJS: → Caused by: java.lang.Exception: Loading bitmap failed] code: 'ERR_UNEXPECTED' }
04-04 06:22:40.423  3117  3141 E ReactNativeJS: 'Failed to optimize image:', { [Error: Call to function 'Context.renderAsync' has been rejected. 
04-04 06:22:40.423  3117  3141 E ReactNativeJS: → Caused by: Could not load the image: assets_images_tarot_cards_seven_pents
04-04 06:22:40.423  3117  3141 E ReactNativeJS: → Caused by: java.lang.Exception: Loading bitmap failed] code: 'ERR_UNEXPECTED' }
04-04 06:22:40.436  3117  3141 E ReactNativeJS: 'Failed to optimize image:', { [Error: Call to function 'Context.renderAsync' has been rejected. 
04-04 06:22:40.436  3117  3141 E ReactNativeJS: → Caused by: Could not load the image: assets_images_tarot_cards_ten_cups
04-04 06:22:40.436  3117  3141 E ReactNativeJS: → Caused by: java.lang.Exception: Loading bitmap failed] code: 'ERR_UNEXPECTED' }
04-04 06:22:40.441  3117  3141 E ReactNativeJS: 'Failed to optimize image:', { [Error: Call to function 'Context.renderAsync' has been rejected. 
04-04 06:22:40.441  3117  3141 E ReactNativeJS: → Caused by: Could not load the image: assets_images_tarot_cards_knight_of_pentacles
04-04 06:22:40.441  3117  3141 E ReactNativeJS: → Caused by: java.lang.Exception: Loading bitmap failed] code: 'ERR_UNEXPECTED' }
04-04 06:22:40.445  3117  3141 E ReactNativeJS: 'Failed to optimize image:', { [Error: Call to function 'Context.renderAsync' has been rejected. 
04-04 06:22:40.445  3117  3141 E ReactNativeJS: → Caused by: Could not load the image: assets_images_tarot_cards_nine_pents
04-04 06:22:40.445  3117  3141 E ReactNativeJS: → Caused by: java.lang.Exception: Loading bitmap failed] code: 'ERR_UNEXPECTED' }
04-04 06:22:40.451  3117  3141 E ReactNativeJS: 'Failed to optimize image:', { [Error: Call to function 'Context.renderAsync' has been rejected. 
04-04 06:22:40.451  3117  3141 E ReactNativeJS: → Caused by: Could not load the image: assets_images_tarot_cards_eight_pents
04-04 06:22:40.451  3117  3141 E ReactNativeJS: → Caused by: java.lang.Exception: Loading bitmap failed] code: 'ERR_UNEXPECTED' }
04-04 06:22:40.455  3117  3141 E ReactNativeJS: 'Failed to optimize image:', { [Error: Call to function 'Context.renderAsync' has been rejected. 
04-04 06:22:40.455  3117  3141 E ReactNativeJS: → Caused by: Could not load the image: assets_images_tarot_cards_ace_of_pentacles
04-04 06:22:40.455  3117  3141 E ReactNativeJS: → Caused by: java.lang.Exception: Loading bitmap failed] code: 'ERR_UNEXPECTED' }
04-04 06:22:40.462  3117  3141 E ReactNativeJS: 'Failed to optimize image:', { [Error: Call to function 'Context.renderAsync' has been rejected. 
04-04 06:22:40.462  3117  3141 E ReactNativeJS: → Caused by: Could not load the image: assets_images_tarot_cards_ten_pents
04-04 06:22:40.462  3117  3141 E ReactNativeJS: → Caused by: java.lang.Exception: Loading bitmap failed] code: 'ERR_UNEXPECTED' }
04-04 06:22:40.470  3117  3141 E ReactNativeJS: 'Failed to optimize image:', { [Error: Call to function 'Context.renderAsync' has been rejected. 
04-04 06:22:40.470  3117  3141 E ReactNativeJS: → Caused by: Could not load the image: assets_images_tarot_cards_five_pents
04-04 06:22:40.470  3117  3141 E ReactNativeJS: → Caused by: java.lang.Exception: Loading bitmap failed] code: 'ERR_UNEXPECTED' }
04-04 06:22:40.476  3117  3141 E ReactNativeJS: 'Failed to optimize image:', { [Error: Call to function 'Context.renderAsync' has been rejected. 
04-04 06:22:40.476  3117  3141 E ReactNativeJS: → Caused by: Could not load the image: assets_images_tarot_cards_the_fool
04-04 06:22:40.476  3117  3141 E ReactNativeJS: → Caused by: java.lang.Exception: Loading bitmap failed] code: 'ERR_UNEXPECTED' }
04-04 06:22:40.486  3117  3141 E ReactNativeJS: 'Failed to optimize image:', { [Error: Call to function 'Context.renderAsync' has been rejected. 
04-04 06:22:40.486  3117  3141 E ReactNativeJS: → Caused by: Could not load the image: assets_images_tarot_cards_the_empress
04-04 06:22:40.486  3117  3141 E ReactNativeJS: → Caused by: java.lang.Exception: Loading bitmap failed] code: 'ERR_UNEXPECTED' }
04-04 06:22:40.490  3117  3141 E ReactNativeJS: 'Failed to optimize image:', { [Error: Call to function 'Context.renderAsync' has been rejected. 
04-04 06:22:40.490  3117  3141 E ReactNativeJS: → Caused by: Could not load the image: assets_images_tarot_cards_king_of_cups
04-04 06:22:40.490  3117  3141 E ReactNativeJS: → Caused by: java.lang.Exception: Loading bitmap failed] code: 'ERR_UNEXPECTED' }
04-04 06:22:40.492  3117  3141 E ReactNativeJS: 'Failed to optimize image:', { [Error: Call to function 'Context.renderAsync' has been rejected. 
04-04 06:22:40.492  3117  3141 E ReactNativeJS: → Caused by: Could not load the image: assets_images_tarot_cards_the_magician
04-04 06:22:40.492  3117  3141 E ReactNativeJS: → Caused by: java.lang.Exception: Loading bitmap failed] code: 'ERR_UNEXPECTED' }
04-04 06:22:40.495  3117  3141 E ReactNativeJS: 'Failed to optimize image:', { [Error: Call to function 'Context.renderAsync' has been rejected. 
04-04 06:22:40.495  3117  3141 E ReactNativeJS: → Caused by: Could not load the image: assets_images_tarot_cards_knight_of_pentacles
04-04 06:22:40.495  3117  3141 E ReactNativeJS: → Caused by: java.lang.Exception: Loading bitmap failed] code: 'ERR_UNEXPECTED' }
04-04 06:22:40.512  3117  3141 E ReactNativeJS: 'Failed to optimize image:', { [Error: Call to function 'Context.renderAsync' has been rejected. 
04-04 06:22:40.512  3117  3141 E ReactNativeJS: → Caused by: Could not load the image: assets_images_tarot_cards_page_of_pentacles
04-04 06:22:40.512  3117  3141 E ReactNativeJS: → Caused by: java.lang.Exception: Loading bitmap failed] code: 'ERR_UNEXPECTED' }
04-04 06:22:40.517  3117  3141 E ReactNativeJS: 'Failed to optimize image:', { [Error: Call to function 'Context.renderAsync' has been rejected. 
04-04 06:22:40.517  3117  3141 E ReactNativeJS: → Caused by: Could not load the image: assets_images_tarot_cards_high_priestess
04-04 06:22:40.517  3117  3141 E ReactNativeJS: → Caused by: java.lang.Exception: Loading bitmap failed] code: 'ERR_UNEXPECTED' }
04-04 06:22:40.526  3117  3141 E ReactNativeJS: 'Failed to optimize image:', { [Error: Call to function 'Context.renderAsync' has been rejected. 
04-04 06:22:40.526  3117  3141 E ReactNativeJS: → Caused by: Could not load the image: assets_images_tarot_cards_two_cups
04-04 06:22:40.526  3117  3141 E ReactNativeJS: → Caused by: java.lang.Exception: Loading bitmap failed] code: 'ERR_UNEXPECTED' }
04-04 06:22:40.539  3117  3141 E ReactNativeJS: 'Failed to optimize image:', { [Error: Call to function 'Context.renderAsync' has been rejected. 
04-04 06:22:40.539  3117  3141 E ReactNativeJS: → Caused by: Could not load the image: assets_images_tarot_cards_queen_of_cups
04-04 06:22:40.539  3117  3141 E ReactNativeJS: → Caused by: java.lang.Exception: Loading bitmap failed] code: 'ERR_UNEXPECTED' }
04-04 06:22:40.544  3117  3141 E ReactNativeJS: 'Failed to optimize image:', { [Error: Call to function 'Context.renderAsync' has been rejected. 
04-04 06:22:40.544  3117  3141 E ReactNativeJS: → Caused by: Could not load the image: assets_images_tarot_cards_three_cups
04-04 06:22:40.544  3117  3141 E ReactNativeJS: → Caused by: java.lang.Exception: Loading bitmap failed] code: 'ERR_UNEXPECTED' }
04-04 06:22:40.557  3117  3141 E ReactNativeJS: 'Failed to optimize image:', { [Error: Call to function 'Context.renderAsync' has been rejected. 
04-04 06:22:40.557  3117  3141 E ReactNativeJS: → Caused by: Could not load the image: assets_images_tarot_cards_knight_of_cups
04-04 06:22:40.557  3117  3141 E ReactNativeJS: → Caused by: java.lang.Exception: Loading bitmap failed] code: 'ERR_UNEXPECTED' }
04-04 06:22:40.562  3117  3141 E ReactNativeJS: 'Failed to optimize image:', { [Error: Call to function 'Context.renderAsync' has been rejected. 
04-04 06:22:40.562  3117  3141 E ReactNativeJS: → Caused by: Could not load the image: assets_images_tarot_cards_four_cups
04-04 06:22:40.562  3117  3141 E ReactNativeJS: → Caused by: java.lang.Exception: Loading bitmap failed] code: 'ERR_UNEXPECTED' }
04-04 06:22:40.569  3117  3141 E ReactNativeJS: 'Failed to optimize image:', { [Error: Call to function 'Context.renderAsync' has been rejected. 
04-04 06:22:40.569  3117  3141 E ReactNativeJS: → Caused by: Could not load the image: assets_images_tarot_cards_page_of_cups
04-04 06:22:40.569  3117  3141 E ReactNativeJS: → Caused by: java.lang.Exception: Loading bitmap failed] code: 'ERR_UNEXPECTED' }
04-04 06:22:40.589  3117  3141 E ReactNativeJS: 'Failed to optimize image:', { [Error: Call to function 'Context.renderAsync' has been rejected. 
04-04 06:22:40.589  3117  3141 E ReactNativeJS: → Caused by: Could not load the image: assets_images_tarot_cards_five_cups
04-04 06:22:40.589  3117  3141 E ReactNativeJS: → Caused by: java.lang.Exception: Loading bitmap failed] code: 'ERR_UNEXPECTED' }
04-04 06:22:40.597  3117  3141 E ReactNativeJS: 'Failed to optimize image:', { [Error: Call to function 'Context.renderAsync' has been rejected. 
04-04 06:22:40.597  3117  3141 E ReactNativeJS: → Caused by: Could not load the image: assets_images_tarot_cards_six_cups
04-04 06:22:40.597  3117  3141 E ReactNativeJS: → Caused by: java.lang.Exception: Loading bitmap failed] code: 'ERR_UNEXPECTED' }
04-04 06:22:40.602  3117  3141 E ReactNativeJS: 'Failed to optimize image:', { [Error: Call to function 'Context.renderAsync' has been rejected. 
04-04 06:22:40.602  3117  3141 E ReactNativeJS: → Caused by: Could not load the image: assets_images_tarot_cards_eight_cups
04-04 06:22:40.602  3117  3141 E ReactNativeJS: → Caused by: java.lang.Exception: Loading bitmap failed] code: 'ERR_UNEXPECTED' }
04-04 06:22:40.612  3117  3141 E ReactNativeJS: 'Failed to optimize image:', { [Error: Call to function 'Context.renderAsync' has been rejected. 
04-04 06:22:40.612  3117  3141 E ReactNativeJS: → Caused by: Could not load the image: assets_images_tarot_cards_seven_cups
04-04 06:22:40.612  3117  3141 E ReactNativeJS: → Caused by: java.lang.Exception: Loading bitmap failed] code: 'ERR_UNEXPECTED' }
04-04 06:22:40.617  3117  3141 E ReactNativeJS: 'Failed to optimize image:', { [Error: Call to function 'Context.renderAsync' has been rejected. 
04-04 06:22:40.617  3117  3141 E ReactNativeJS: → Caused by: Could not load the image: assets_images_tarot_cards_nine_cups
04-04 06:22:40.617  3117  3141 E ReactNativeJS: → Caused by: java.lang.Exception: Loading bitmap failed] code: 'ERR_UNEXPECTED' }
04-04 06:22:40.620  3117  3141 E ReactNativeJS: 'Failed to optimize image:', { [Error: Call to function 'Context.renderAsync' has been rejected. 
04-04 06:22:40.620  3117  3141 E ReactNativeJS: → Caused by: Could not load the image: assets_images_tarot_cards_ten_cups
04-04 06:22:40.620  3117  3141 E ReactNativeJS: → Caused by: java.lang.Exception: Loading bitmap failed] code: 'ERR_UNEXPECTED' }
04-04 06:22:40.636  3117  3141 E ReactNativeJS: 'Failed to optimize image:', { [Error: Call to function 'Context.renderAsync' has been rejected. 
04-04 06:22:40.636  3117  3141 E ReactNativeJS: → Caused by: Could not load the image: assets_images_tarot_cards_six_pents
04-04 06:22:40.636  3117  3141 E ReactNativeJS: → Caused by: java.lang.Exception: Loading bitmap failed] code: 'ERR_UNEXPECTED' }
04-04 06:22:40.657  3117  3141 E ReactNativeJS: 'Failed to optimize image:', { [Error: Call to function 'Context.renderAsync' has been rejected. 
04-04 06:22:40.657  3117  3141 E ReactNativeJS: → Caused by: Could not load the image: assets_images_tarot_cards_three_pents
04-04 06:22:40.657  3117  3141 E ReactNativeJS: → Caused by: java.lang.Exception: Loading bitmap failed] code: 'ERR_UNEXPECTED' }
04-04 06:22:40.663  3117  3141 E ReactNativeJS: 'Failed to optimize image:', { [Error: Call to function 'Context.renderAsync' has been rejected. 
04-04 06:22:40.663  3117  3141 E ReactNativeJS: → Caused by: Could not load the image: assets_images_tarot_cards_four_pents
04-04 06:22:40.663  3117  3141 E ReactNativeJS: → Caused by: java.lang.Exception: Loading bitmap failed] code: 'ERR_UNEXPECTED' }
04-04 06:22:40.670  3117  3141 E ReactNativeJS: 'Failed to optimize image:', { [Error: Call to function 'Context.renderAsync' has been rejected. 
04-04 06:22:40.670  3117  3141 E ReactNativeJS: → Caused by: Could not load the image: assets_images_tarot_cards_five_pents
04-04 06:22:40.670  3117  3141 E ReactNativeJS: → Caused by: java.lang.Exception: Loading bitmap failed] code: 'ERR_UNEXPECTED' }
04-04 06:22:40.688  3117  3141 E ReactNativeJS: 'Failed to optimize image:', { [Error: Call to function 'Context.renderAsync' has been rejected. 
04-04 06:22:40.688  3117  3141 E ReactNativeJS: → Caused by: Could not load the image: assets_images_tarot_cards_nine_pents
04-04 06:22:40.688  3117  3141 E ReactNativeJS: → Caused by: java.lang.Exception: Loading bitmap failed] code: 'ERR_UNEXPECTED' }
04-04 06:22:40.703  3117  3141 E ReactNativeJS: 'Failed to optimize image:', { [Error: Call to function 'Context.renderAsync' has been rejected. 
04-04 06:22:40.703  3117  3141 E ReactNativeJS: → Caused by: Could not load the image: assets_images_tarot_cards_eight_pents
04-04 06:22:40.703  3117  3141 E ReactNativeJS: → Caused by: java.lang.Exception: Loading bitmap failed] code: 'ERR_UNEXPECTED' }
04-04 06:22:40.713  3117  3141 E ReactNativeJS: 'Failed to optimize image:', { [Error: Call to function 'Context.renderAsync' has been rejected. 
04-04 06:22:40.713  3117  3141 E ReactNativeJS: → Caused by: Could not load the image: assets_images_tarot_cards_seven_pents
04-04 06:22:40.713  3117  3141 E ReactNativeJS: → Caused by: java.lang.Exception: Loading bitmap failed] code: 'ERR_UNEXPECTED' }
04-04 06:22:40.717  3117  3141 E ReactNativeJS: 'Failed to optimize image:', { [Error: Call to function 'Context.renderAsync' has been rejected. 
04-04 06:22:40.717  3117  3141 E ReactNativeJS: → Caused by: Could not load the image: assets_images_tarot_cards_ten_pents
04-04 06:22:40.717  3117  3141 E ReactNativeJS: → Caused by: java.lang.Exception: Loading bitmap failed] code: 'ERR_UNEXPECTED' }
04-04 06:22:40.719  3117  3141 E ReactNativeJS: 'Failed to optimize image:', { [Error: Call to function 'Context.renderAsync' has been rejected. 
04-04 06:22:40.719  3117  3141 E ReactNativeJS: → Caused by: Could not load the image: assets_images_tarot_cards_ace_of_pentacles
04-04 06:22:40.719  3117  3141 E ReactNativeJS: → Caused by: java.lang.Exception: Loading bitmap failed] code: 'ERR_UNEXPECTED' }
04-04 06:22:40.771  3117  3176 D ProfileInstaller: Installing profile for com.laurin.tarot
04-04 06:22:40.827   673  1132 W OptProp : Cannot read opt property android.window.PROPERTY_COMPAT_ALLOW_ORIENTATION_OVERRIDE
04-04 06:22:40.829   673  1132 V GrammaticalInflectionUtils: AttributionSource: AttributionSource { uid = 10148, packageName = null, attributionTag = null, token = android.os.Binder@9dacd97, deviceId = 0, next = null } does not have READ_SYSTEM_GRAMMATICAL_GENDER permission.
