04-04 06:22:44.464   673   727 W Looper  : Slow dispatch took 197ms android.ui h=android.view.Choreographer$FrameHandler c=android.view.Choreographer$FrameDisplayEventReceiver@f5da6b0 m=0
04-04 06:22:44.541  3117  3117 D SplashScreenView: remove starting view
04-04 06:22:45.376   673  1482 D EGL_emulation: app_time_stats: avg=596.56ms min=19.54ms max=2250.97ms count=7
04-04 06:22:45.382   673   727 W Looper  : Slow dispatch took 915ms android.ui h=android.view.Choreographer$FrameHandler c=android.view.Choreographer$FrameDisplayEventReceiver@f5da6b0 m=0
04-04 06:22:45.401   673   727 I Choreographer: Skipped 54 frames!  The application may be doing too much work on its main thread.
04-04 06:22:45.480   673  1449 I HWUI    : Davey! duration=1028ms; Flags=0, FrameTimelineVsyncId=53930, IntendedVsync=825225451726, Vsync=825258785058, InputEventId=197341228, HandleInputStart=825267187900, AnimationStart=825267268500, PerformTraversalsStart=825267381600, DrawStart=825267610200, FrameDeadline=825425451718, FrameInterval=825267151100, FrameStartTime=16666666, SyncQueued=825289436500, SyncStart=825412126300, IssueDrawCommandsStart=825412267000, SwapBuffers=826050129000, FrameCompleted=826377044000, DequeueBufferDuration=82800, QueueBufferDuration=1003500, GpuCompleted=826376418200, SwapBuffersCompleted=826377044000, DisplayPresentTime=0, CommandSubmissionCompleted=826050129000,
04-04 06:22:45.494   421   860 D audioserver: logFgsApiBegin: FGS Logger Transaction failed, -129
04-04 06:22:45.502   673  1132 W AS.PlaybackActivityMon: No piid assigned for invalid/internal port id 15
04-04 06:22:45.527   421   531 D AudioFlinger: mixer(0x7bfabb03f8e0) throttle end: throttle time(9)
04-04 06:22:45.601   673   727 W Looper  : Slow dispatch took 111ms android.ui h=android.view.Choreographer$FrameHandler c=android.view.Choreographer$FrameDisplayEventReceiver@f5da6b0 m=0
04-04 06:22:45.603   673   727 W WindowOnBackDispatcher: sendCancelIfRunning: isInProgress=false callback=android.view.ViewRootImpl$$ExternalSyntheticLambda11@902721b
04-04 06:22:45.603   673   727 D CoreBackPreview: Window{c0bcb5d u0 Application Error: com.laurin.tarot}: Setting back callback null
04-04 06:22:45.649   421   531 D AudioFlinger: mixer(0x7bfabb03f8e0) throttle end: throttle time(23)
04-04 06:22:45.655   673  2874 W ActivityTaskManager:   Force finishing activity com.laurin.tarot/.MainActivity
04-04 06:22:45.659   673  1449 I HWUI    : Davey! duration=1029ms; Flags=0, FrameTimelineVsyncId=53967, IntendedVsync=825492118382, Vsync=826392118346, InputEventId=253450815, HandleInputStart=826410123600, AnimationStart=826410199700, PerformTraversalsStart=826410821700, DrawStart=826411015100, FrameDeadline=826508785008, FrameInterval=826401704100, FrameStartTime=16666666, SyncQueued=826432452700, SyncStart=826485433400, IssueDrawCommandsStart=826485740600, SwapBuffers=826490868900, FrameCompleted=826574163100, DequeueBufferDuration=72133100, QueueBufferDuration=1376800, GpuCompleted=826573736800, SwapBuffersCompleted=826574163100, DisplayPresentTime=29555302051348480, CommandSubmissionCompleted=826490868900,     
04-04 06:22:45.666   673  1482 D HWUI    : endAllActiveAnimators on 0x7c86e65a4830 (RippleDrawable) with handle 0x7c85066f1360
04-04 06:22:45.679  1074  1135 V WindowManagerShell: Transition requested (#30): android.os.BinderProxy@7f46b5e TransitionRequestInfo { type = CLOSE, triggerTask = null, pipTask = null, remoteTransition = null, displayChange = null, flags = 16, debugId = 30 }
04-04 06:22:45.691   673  2874 I ActivityManager: Killing 3117:com.laurin.tarot/u0a148 (adj 0): crash
04-04 06:22:45.736  1074  1135 W Looper  : Slow dispatch took 57ms wmshell.main h=android.os.Handler c=com.android.wm.shell.transition.Transitions$TransitionPlayerImpl$$ExternalSyntheticLambda1@47c8b3f m=0
04-04 06:22:45.743   673   727 W InputManager-JNI: Input channel object 'c0bcb5d Application Error: com.laurin.tarot (client)' was disposed without first being removed with the input manager!
04-04 06:22:45.763  1495  1495 D BaseDepthController: mSurface is null and mCurrentBlur is: 23
04-04 06:22:45.764   370   427 I netd    : tetherGetStats() -> {[]} <1.61ms>
04-04 06:22:45.804   673   895 W InputDispatcher: Not sending touch to c0bcb5d Application Error: com.laurin.tarot because there's no corresponding connection
04-04 06:22:45.816   371   371 I Zygote  : Process 3117 exited due to signal 9 (Killed)
04-04 06:22:45.829   673   727 W Looper  : Slow dispatch took 226ms android.ui h=com.android.server.am.AppErrorDialog$1 c=null m=1
04-04 06:22:45.832   432   432 I BpBinder: onLastStrongRef automatically unlinking death recipients:
04-04 06:22:45.790     0     0 I binder  : undelivered TRANSACTION_COMPLETE
04-04 06:22:45.795     0     0 I binder  : undelivered transaction 145077, process died.
04-04 06:22:45.859   673   730 W ActivityTaskManager: Unable to send transaction to client proc com.laurin.tarot: no app thread
04-04 06:22:45.868   673  2957 I WindowManager: WIN DEATH: Window{a65197e u0 com.laurin.tarot/com.laurin.tarot.MainActivity}
04-04 06:22:45.876   673   960 D ConnectivityService: releasing NetworkRequest [ REQUEST id=91, [ Capabilities: INTERNET&NOT_RESTRICTED&TRUSTED&NOT_VCN_MANAGED&NOT_BANDWIDTH_CONSTRAINED Uid: 10148 RequestorUid: 10148 RequestorPkg: com.laurin.tarot UnderlyingNetworks: Null] ] (release request)
04-04 06:22:45.894   421   531 D audioserver: logFgsApiEnd: FGS Logger Transaction failed, -129
04-04 06:22:45.898   673  1249 V ActivityManager: Got obituary of 3117:com.laurin.tarot
04-04 06:22:45.908   673   895 I InputDispatcher: Dropping event because no targets were found: MotionEvent(deviceId=12, eventTime=826796632000, source=TOUCHSCREEN | STYLUS, displayId=0, action=DOWN, actionButton=0x00000000, flags=0x00000080, metaState=0x00000000, buttonState=0x00000000, classification=NONE, edgeFlags=0x00000000, xPrecision=30.3, yPrecision=14.0, xCursorPosition=nan, yCursorPosition=nan, pointers=[0: (367.0, 1304.9)]), policyFlags=0x62000000
04-04 06:22:45.934   673   744 I libprocessgroup: Removed cgroup /sys/fs/cgroup/uid_10148/pid_3117
04-04 06:22:45.938   673  2957 W InputManager-JNI: Input channel object 'a65197e com.laurin.tarot/com.laurin.tarot.MainActivity (client)' was disposed without first being removed with the input manager!
04-04 06:22:45.943   673   729 W ActivityManager: setHasOverlayUi called on unknown pid: 3117
04-04 06:22:45.972   673   960 D ConnectivityService: releasing NetworkRequest [ REQUEST id=89, [ Capabilities: INTERNET&NOT_RESTRICTED&TRUSTED&NOT_VCN_MANAGED&NOT_BANDWIDTH_CONSTRAINED Uid: 10148 RequestorUid: 10148 RequestorPkg: com.laurin.tarot UnderlyingNetworks: Null] ] (release request)
04-04 06:22:45.987   673   727 D DisplayManagerService: Drop pending events for gone uid 10148
04-04 06:22:45.988   673   727 W Looper  : Slow dispatch took 153ms android.ui h=com.android.server.am.ActivityManagerService$UiHandler c=com.android.server.am.UidObserverController$$ExternalSyntheticLambda0@5355d3b m=0
04-04 06:22:46.046   673   727 W Looper  : Drained
04-04 06:22:46.079   673   960 D InetDiagMessage: Destroyed 0 sockets, proto=IPPROTO_TCP, family=AF_INET, states=14
04-04 06:22:46.083   673   960 D InetDiagMessage: Destroyed 0 sockets, proto=IPPROTO_TCP, family=AF_INET6, states=14
04-04 06:22:46.091   673   960 D InetDiagMessage: Destroyed live tcp sockets for uids={10148} in 117ms
04-04 06:22:46.105   673   960 D InetDiagMessage: Destroyed 0 sockets, proto=IPPROTO_TCP, family=AF_INET, states=14
04-04 06:22:46.106   673   729 V WindowManager: Unknown focus tokens, dropping reportFocusChanged
04-04 06:22:46.108   673   960 D InetDiagMessage: Destroyed 0 sockets, proto=IPPROTO_TCP, family=AF_INET6, states=14
04-04 06:22:46.108  1495  1495 D BaseDepthController: setSurface:
04-04 06:22:46.108  1495  1495 D BaseDepthController:   mWaitingOnSurfaceValidity: false
04-04 06:22:46.108  1495  1495 D BaseDepthController:   mSurface: Surface(name=com.android.launcher3/com.android.launcher3.uioverrides.QuickstepLauncher)/@0x83b1780
04-04 06:22:46.108   673   960 D InetDiagMessage: Destroyed live tcp sockets for uids={20148} in 17ms
04-04 06:22:46.118   673   730 W ActivityTaskManager: Unable to send transaction to client proc com.laurin.tarot: no app thread
04-04 06:22:46.275  1495  1495 D StatsLog: LAUNCHER_ONRESUME
04-04 06:22:46.318  1074  1772 V WindowManagerShell: onTransitionReady(transaction=2890512991619)
04-04 06:22:46.319  1074  1135 V WindowManagerShell: onTransitionReady (#30) android.os.BinderProxy@7f46b5e: {id=30 t=CLOSE f=0x10 trk=0 r=[0@Point(0, 0)] c=[{WCT{android.window.IWindowContainerToken$Stub$Proxy@e207cf8} m=TO_FRONT f=SHOW_WALLPAPER p=WCT{android.window.IWindowContainerToken$Stub$Proxy@9b8f5d1} leash=Surface(name=Task=1)/@0xd2eac0c sb=Rect(0, 0 - 1080, 2340) eb=Rect(0, 0 - 1080, 2340) d=0 taskParent=-1},{WCT{android.window.IWindowContainerToken$Stub$Proxy@f4c8836} m=TO_FRONT f=SHOW_WALLPAPER leash=Surface(name=DefaultTaskDisplayArea)/@0x2931955 sb=Rect(0, 0 - 1080, 2340) eb=Rect(0, 0 - 1080, 2340) d=0},{null m=TO_FRONT f=IS_WALLPAPER|IS_OCCLUDED leash=Surface(name=WallpaperWindowToken{3f8e7f4 token=android.os.Binder@1ec25c7})/@0x717df6a sb=Rect(0, 0 - 1080, 2340) eb=Rect(0, 0 - 1080, 2340) d=0}]}
04-04 06:22:46.321  1074  1135 V WindowManagerShell: Playing animation for (#30) android.os.BinderProxy@7f46b5e@0
04-04 06:22:46.322  1074  1135 V WindowManagerShell:  try handler com.android.wm.shell.transition.DefaultMixedHandler@faf8f8c
04-04 06:22:46.322  1074  1135 V WindowManagerShell:  try handler com.android.wm.shell.keyguard.KeyguardTransitionHandler@dc4f6d5
04-04 06:22:46.329   673   725 V WindowManager: Sent Transition (#30) createdAt=04-04 06:22:45.658 via request=TransitionRequestInfo { type = CLOSE, triggerTask = null, pipTask = null, remoteTransition = null, displayChange = null, flags = 16, debugId = 30 }
04-04 06:22:46.330   673   725 V WindowManager:     startWCT=WindowContainerTransaction { changes = {} hops = [] errorCallbackToken=null taskFragmentOrganizer=null }
04-04 06:22:46.360   673   725 V WindowManager:     info={id=30 t=CLOSE f=0x10 trk=0 r=[0@Point(0, 0)] c=[
04-04 06:22:46.360   673   725 V WindowManager:         {WCT{RemoteToken{be78f4a Task{eeeda93 #1 type=home}}} m=TO_FRONT f=SHOW_WALLPAPER p=WCT{RemoteToken{1a0edfd DefaultTaskDisplayArea@54025400}} leash=Surface(name=Task=1)/@0xeb173f2 sb=Rect(0, 0 - 1080, 2340) eb=Rect(0, 0 - 1080, 2340) d=0 taskParent=-1},
04-04 06:22:46.360   673   725 V WindowManager:         {WCT{RemoteToken{1a0edfd DefaultTaskDisplayArea@54025400}} m=TO_FRONT f=SHOW_WALLPAPER leash=Surface(name=DefaultTaskDisplayArea)/@0xadb95a7 sb=Rect(0, 0 - 1080, 2340) eb=Rect(0, 0 - 1080, 2340) d=0},
04-04 06:22:46.360   673   725 V WindowManager:         {null m=TO_FRONT f=IS_WALLPAPER|IS_OCCLUDED leash=Surface(name=WallpaperWindowToken{3f8e7f4 token=android.os.Binder@1ec25c7})/@0xd2eceba sb=Rect(0, 0 - 1080, 2340) eb=Rect(0, 0 - 1080, 2340) d=0}
04-04 06:22:46.360   673   725 V WindowManager:     ]}
04-04 06:22:46.367  1074  1135 V WindowManagerShell:  try handler com.android.wm.shell.pip.PipTransition@dd02eea
04-04 06:22:46.368   673  2768 W UserManagerService: Requested status bar icon for non-badged user 0
04-04 06:22:46.370  1074  1135 V WindowManagerShell:  try handler com.android.wm.shell.activityembedding.ActivityEmbeddingController@2eb75db     
04-04 06:22:46.371  1074  1135 V WindowManagerShell:  try handler com.android.wm.shell.recents.RecentsTransitionHandler@e8c1878
04-04 06:22:46.387  1074  1135 V ShellRecents: RecentsTransitionHandler.startAnimation: no controller found
04-04 06:22:46.387  1074  1135 V WindowManagerShell:  try handler com.android.wm.shell.splitscreen.StageCoordinator@dfa4fb6
04-04 06:22:46.392  1074  1135 V WindowManagerShell:  try handler com.android.wm.shell.transition.RemoteTransitionHandler@4a194b7
04-04 06:22:46.401  1074  1135 V WindowManagerShell: Transition doesn't have explicit remote, search filters for match for {id=30 t=CLOSE f=0x10 trk=0 r=[0@Point(0, 0)] c=[{WCT{android.window.IWindowContainerToken$Stub$Proxy@e207cf8} m=TO_FRONT f=SHOW_WALLPAPER p=WCT{android.window.IWindowContainerToken$Stub$Proxy@9b8f5d1} leash=Surface(name=Task=1)/@0xd2eac0c sb=Rect(0, 0 - 1080, 2340) eb=Rect(0, 0 - 1080, 2340) d=0 taskParent=-1},{WCT{android.window.IWindowContainerToken$Stub$Proxy@f4c8836} m=TO_FRONT f=SHOW_WALLPAPER leash=Surface(name=DefaultTaskDisplayArea)/@0x2931955 sb=Rect(0, 0 - 1080, 2340) eb=Rect(0, 0 - 1080, 2340) d=0},{null m=TO_FRONT f=IS_WALLPAPER|IS_OCCLUDED leash=Surface(name=WallpaperWindowToken{3f8e7f4 token=android.os.Binder@1ec25c7})/@0x717df6a sb=Rect(0, 0 - 1080, 2340) eb=Rect(0, 0 - 1080, 2340) d=0}]}
04-04 06:22:46.401  1074  1135 V WindowManagerShell:  Checking filter Pair{{types=[] flags=0x0] notFlags=0x100 checks=[{atype=home independent=true modes=[OPEN,TO_FRONT] flags=NONE mustBeTask=false order=TOP topActivity=ComponentInfo{com.android.launcher3/com.android.launcher3.uioverrides.QuickstepLauncher} launchCookie=null},{atype=standard independent=true modes=[CLOSE,TO_BACK] flags=NONE mustBeTask=false order=ANY topActivity=null launchCookie=null}]} RemoteTransition { remoteTransition = android.window.IRemoteTransition$Stub$Proxy@2ba06c9, appThread = android.app.IApplicationThread$Stub$Proxy@fbc51ce, debugName = QuickstepLaunchHome }}
04-04 06:22:46.404  1074  1135 V WindowManagerShell:  Checking filter Pair{{types=[] flags=0x0] notFlags=0x100 checks=[{atype=home independent=true modes=[OPEN,TO_FRONT] flags=NONE mustBeTask=false order=TOP topActivity=ComponentInfo{com.android.launcher3/com.android.launcher3.uioverrides.QuickstepLauncher} launchCookie=null},{atype=standard independent=true modes=[CLOSE,TO_BACK] flags=NONE mustBeTask=false order=ANY topActivity=null launchCookie=null}]} RemoteTransition { remoteTransition = android.window.IRemoteTransition$Stub$Proxy@25c70a4, appThread = android.app.IApplicationThread$Stub$Proxy@e861e0d, debugName = QuickstepLaunchHome }}
04-04 06:22:46.406  1074  1135 V WindowManagerShell:  Delegate animation for (#30) to null
04-04 06:22:46.407  1074  1135 V WindowManagerShell:  try handler com.android.wm.shell.transition.DefaultTransitionHandler@a64424
04-04 06:22:46.407  1074  1135 V WindowManagerShell: start default transition animation, info = {id=30 t=CLOSE f=0x10 trk=0 r=[0@Point(0, 0)] c=[{WCT{android.window.IWindowContainerToken$Stub$Proxy@e207cf8} m=TO_FRONT f=SHOW_WALLPAPER p=WCT{android.window.IWindowContainerToken$Stub$Proxy@9b8f5d1} leash=Surface(name=Task=1)/@0xd2eac0c sb=Rect(0, 0 - 1080, 2340) eb=Rect(0, 0 - 1080, 2340) d=0 taskParent=-1},{WCT{android.window.IWindowContainerToken$Stub$Proxy@f4c8836} m=TO_FRONT f=SHOW_WALLPAPER leash=Surface(name=DefaultTaskDisplayArea)/@0x2931955 sb=Rect(0, 0 - 1080, 2340) eb=Rect(0, 0 - 1080, 2340) d=0},{null m=TO_FRONT f=IS_WALLPAPER|IS_OCCLUDED leash=Surface(name=WallpaperWindowToken{3f8e7f4 token=android.os.Binder@1ec25c7})/@0x717df6a sb=Rect(0, 0 - 1080, 2340) eb=Rect(0, 0 - 1080, 2340) d=0}]}
04-04 06:22:46.415  1495  1818 D EGL_emulation: app_time_stats: avg=1141.28ms min=6.87ms max=4051.76ms count=4
04-04 06:22:46.422  1074  1135 V WindowManagerShell: loadAnimation: anim=android.view.animation.AnimationSet@52c3bd3 animAttr=0x10 type=CLOSE isEntrance=true
04-04 06:22:46.449  1074  1135 V WindowManagerShell:  animated by com.android.wm.shell.transition.DefaultTransitionHandler@a64424
04-04 06:22:46.449  1074  1135 W Looper  : Slow dispatch took 130ms wmshell.main h=android.os.Handler c=com.android.wm.shell.transition.Transitions$TransitionPlayerImpl$$ExternalSyntheticLambda0@838e09 m=0
04-04 06:22:46.452  1074  1135 W Looper  : Slow delivery took 129ms wmshell.main h=android.os.Handler c=android.window.TaskOrganizer$1$$ExternalSyntheticLambda4@f4c22f m=0
04-04 06:22:46.577   673   907 I ImeTracker: com.android.launcher3:9953add7: onRequestHide at ORIGIN_SERVER reason HIDE_SAME_WINDOW_FOCUSED_WITHOUT_EDITOR fromUser false
04-04 06:22:46.578   673   907 I ImeTracker: com.android.launcher3:9953add7: onCancelled at PHASE_SERVER_SHOULD_HIDE
04-04 06:22:46.705  1074  1135 V WindowManagerShell: Transition animation finished (aborted=false), notifying core (#30) android.os.BinderProxy@7f46b5e@0
04-04 06:22:46.732   673   725 V WindowManager: Finish Transition (#30): created at 04-04 06:22:45.658 collect-started=2.582ms request-sent=2.77ms started=76.641ms ready=76.576ms sent=658.094ms finished=1071.516ms
04-04 06:22:46.699     0     0 I binder  : 2768:673 cannot find target node
04-04 06:22:46.704     0     0 I binder  : 673:2768 transaction async to 0:0 failed 145557/29189/-22, size 64-0 line 3265
04-04 06:22:46.753   673  2768 E IPCThreadState: Binder transaction failure. id: 145557, BR_*: 29189, error: -22 (Invalid argument)
04-04 06:22:46.753   673  2768 W ActivityManager: pid 673 system sent binder code 7 with flags 1 to frozen apps and got error -32
04-04 06:22:46.767   673  2768 W WindowManager: Exception thrown during dispatchAppVisibility Window{a65197e u0 com.laurin.tarot/com.laurin.tarot.MainActivity EXITING}
04-04 06:22:46.767   673  2768 W WindowManager: android.os.DeadObjectException
04-04 06:22:46.767   673  2768 W WindowManager:         at android.os.BinderProxy.transactNative(Native Method)
04-04 06:22:46.767   673  2768 W WindowManager:         at android.os.BinderProxy.transact(BinderProxy.java:586)
04-04 06:22:46.767   673  2768 W WindowManager:         at android.view.IWindow$Stub$Proxy.dispatchAppVisibility(IWindow.java:553)
04-04 06:22:46.767   673  2768 W WindowManager:         at com.android.server.wm.WindowState.sendAppVisibilityToClients(WindowState.java:3253)   
04-04 06:22:46.767   673  2768 W WindowManager:         at com.android.server.wm.WindowContainer.sendAppVisibilityToClients(WindowContainer.java:1289)
04-04 06:22:46.767   673  2768 W WindowManager:         at com.android.server.wm.WindowToken.setClientVisible(WindowToken.java:403)
04-04 06:22:46.767   673  2768 W WindowManager:         at com.android.server.wm.ActivityRecord.setClientVisible(ActivityRecord.java:7166)       
04-04 06:22:46.767   673  2768 W WindowManager:         at com.android.server.wm.ActivityRecord.postApplyAnimation(ActivityRecord.java:5881)     
04-04 06:22:46.767   673  2768 W WindowManager:         at com.android.server.wm.ActivityRecord.commitVisibility(ActivityRecord.java:5823)       
04-04 06:22:46.767   673  2768 W WindowManager:         at com.android.server.wm.Transition.finishTransition(Transition.java:1286)
04-04 06:22:46.767   673  2768 W WindowManager:         at com.android.server.wm.TransitionController.finishTransition(TransitionController.java:937)
04-04 06:22:46.767   673  2768 W WindowManager:         at com.android.server.wm.WindowOrganizerController.finishTransition(WindowOrganizerController.java:494)
04-04 06:22:46.767   673  2768 W WindowManager:         at android.window.IWindowOrganizerController$Stub.onTransact(IWindowOrganizerController.java:289)
04-04 06:22:46.767   673  2768 W WindowManager:         at com.android.server.wm.WindowOrganizerController.onTransact(WindowOrganizerController.java:204)
04-04 06:22:46.767   673  2768 W WindowManager:         at android.os.Binder.execTransactInternal(Binder.java:1505)
04-04 06:22:46.767   673  2768 W WindowManager:         at android.os.Binder.execTransact(Binder.java:1444)
04-04 06:22:46.785   673  2768 W Process : Unable to open /proc/3117/status
04-04 06:22:46.913  1074  1135 V WindowManagerShell: Track 0 became idle
04-04 06:22:46.913  1074  1135 V WindowManagerShell: All active transition animations finished
04-04 06:22:46.913  1074  1135 W Looper  : Drained
04-04 06:22:46.927   673  2768 W UserManagerService: Requested status bar icon for non-badged user 0
04-04 06:22:46.927  1074  1135 W Looper  : Slow dispatch took 209ms wmshell.main h=android.os.Handler c=com.android.wm.shell.transition.DefaultTransitionHandler$$ExternalSyntheticLambda11@4ce01c5 m=0
04-04 06:22:46.928  1495  1495 I TopTaskTracker: onTaskRemoved: taskId=27
04-04 06:22:46.950  1074  1135 W Looper  : Slow delivery took 146ms wmshell.main h=android.os.Handler c=android.window.TaskOrganizer$1$$ExternalSyntheticLambda4@39ef71a m=0
04-04 06:22:46.984   673  2768 W UserManagerService: Requested status bar icon for non-badged user 0
04-04 06:22:47.003  1495  1495 I TopTaskTracker: onTaskRemoved: taskId=27
04-04 06:22:47.007  1074  1296 D EGL_emulation: app_time_stats: avg=1173.80ms min=36.71ms max=4488.21ms count=4
04-04 06:22:47.032   432   432 E BpTransactionCompletedListener: Failed to transact (-32)
04-04 06:22:48.611   379  2285 D android.hardware.audio@7.1-impl.ranchu: threadLoop: entering standby, frames: 2102016


lauri@WINDOWS-MMO3SPS MINGW64 ~/tarot/frontend (main)
$

lauri@WINDOWS-MMO3SPS MINGW64 ~/tarot/frontend (main)